2025-11-12 10:57:07,605 INFO [long-pulling] client count 0

2025-11-12 10:57:17,855 INFO [long-pulling] client count 0

2025-11-12 10:57:28,253 INFO [long-pulling] client count 0

2025-11-12 10:57:38,763 INFO [long-pulling] client count 0

2025-11-12 10:58:40,042 INFO [long-pulling] client count 0

2025-11-12 10:58:50,132 INFO [long-pulling] client count 0

2025-11-12 10:58:53,135 INFO toNotifyTaskSize = 0

2025-11-12 10:58:53,204 INFO toClientNotifyTaskSize = 0

2025-11-12 10:58:53,869 INFO groupCount = 0, subscriberClientCount = 0, subscriberCount = 0

2025-11-12 11:00:22,159 INFO [long-pulling] client count 0

2025-11-12 11:00:32,919 INFO [long-pulling] client count 0

2025-11-12 11:00:39,217 INFO toNotifyTaskSize = 0

2025-11-12 11:00:40,216 INFO toClientNotifyTaskSize = 0

2025-11-12 11:00:43,645 INFO [long-pulling] client count 0

2025-11-12 11:00:52,691 INFO toNotifyTaskSize = 0

2025-11-12 11:00:54,549 INFO toClientNotifyTaskSize = 0

2025-11-12 11:00:54,053 INFO [long-pulling] client count 0

2025-11-12 11:01:07,695 INFO [long-pulling] client count 0

2025-11-12 11:01:07,732 INFO toNotifyTaskSize = 0

2025-11-12 11:01:08,617 INFO toClientNotifyTaskSize = 0

2025-11-12 11:01:24,245 INFO [long-pulling] client count 0

2025-11-12 11:01:43,148 INFO [long-pulling] client count 0

2025-11-12 11:02:31,235 INFO [long-pulling] client count 0

2025-11-12 11:02:41,811 INFO [long-pulling] client count 0

2025-11-12 11:02:52,036 INFO toNotifyTaskSize = 0

2025-11-12 11:02:52,292 INFO [long-pulling] client count 0

2025-11-12 11:02:52,300 INFO toClientNotifyTaskSize = 0

2025-11-12 11:03:02,559 INFO [long-pulling] client count 0

2025-11-12 11:03:40,187 INFO [long-pulling] client count 0

2025-11-12 11:03:50,655 INFO [long-pulling] client count 0

2025-11-12 11:03:52,555 INFO toNotifyTaskSize = 0

2025-11-12 11:03:52,661 INFO toClientNotifyTaskSize = 0

2025-11-12 11:03:52,693 INFO groupCount = 0, subscriberClientCount = 0, subscriberCount = 0

2025-11-12 11:04:01,208 INFO [long-pulling] client count 0

2025-11-12 11:04:03,108 INFO toNotifyTaskSize = 0

2025-11-12 11:04:03,101 INFO groupCount = 0, subscriberClientCount = 0, subscriberCount = 0

2025-11-12 11:04:03,546 INFO toClientNotifyTaskSize = 0

2025-11-12 11:04:13,052 INFO [long-pulling] client count 0

2025-11-12 11:04:14,869 INFO groupCount = 0, subscriberClientCount = 0, subscriberCount = 0

2025-11-12 11:05:27,717 INFO [long-pulling] client count 0

2025-11-12 11:05:39,242 INFO [long-pulling] client count 0

2025-11-12 11:06:04,614 INFO toNotifyTaskSize = 0

2025-11-12 11:06:05,056 INFO [long-pulling] client count 0

2025-11-12 11:06:07,562 INFO toClientNotifyTaskSize = 0

2025-11-12 11:06:17,868 INFO [long-pulling] client count 0

2025-11-12 11:06:21,583 INFO toNotifyTaskSize = 0

2025-11-12 11:06:24,921 INFO toClientNotifyTaskSize = 0

2025-11-12 11:06:38,730 INFO toNotifyTaskSize = 0

2025-11-12 11:06:43,542 INFO toClientNotifyTaskSize = 0

2025-11-12 11:06:53,240 INFO [long-pulling] client count 0

2025-11-12 11:06:58,190 INFO toNotifyTaskSize = 0

2025-11-12 11:07:03,137 INFO toClientNotifyTaskSize = 0

2025-11-12 11:07:06,317 INFO [long-pulling] client count 0

2025-11-12 11:07:16,460 INFO toNotifyTaskSize = 0

2025-11-12 11:08:43,422 INFO [long-pulling] client count 0

2025-11-12 11:08:54,222 INFO [long-pulling] client count 0

2025-11-12 11:08:59,823 INFO toNotifyTaskSize = 0

2025-11-12 11:08:59,834 INFO toClientNotifyTaskSize = 0

2025-11-12 11:08:59,921 INFO groupCount = 0, subscriberClientCount = 0, subscriberCount = 0

2025-11-12 11:09:04,267 INFO [long-pulling] client count 0

2025-11-12 11:09:09,853 INFO toNotifyTaskSize = 0

2025-11-12 11:09:09,871 INFO toClientNotifyTaskSize = 0

2025-11-12 11:09:09,922 INFO groupCount = 0, subscriberClientCount = 0, subscriberCount = 0

2025-11-12 11:09:14,284 INFO [long-pulling] client count 0

2025-11-12 11:09:19,939 INFO toNotifyTaskSize = 0

2025-11-12 11:09:19,994 INFO toClientNotifyTaskSize = 0

2025-11-12 11:09:19,988 INFO groupCount = 0, subscriberClientCount = 0, subscriberCount = 0

2025-11-12 11:09:24,296 INFO [long-pulling] client count 0

2025-11-12 11:09:30,480 INFO groupCount = 0, subscriberClientCount = 0, subscriberCount = 0

2025-11-12 11:09:30,474 INFO toNotifyTaskSize = 0

2025-11-12 11:09:31,071 INFO toClientNotifyTaskSize = 0

2025-11-12 11:09:34,684 INFO [long-pulling] client count 0

2025-11-12 11:09:40,766 INFO groupCount = 0, subscriberClientCount = 0, subscriberCount = 0

2025-11-12 11:09:41,564 INFO toNotifyTaskSize = 0

2025-11-12 11:09:42,154 INFO toClientNotifyTaskSize = 0

2025-11-12 11:09:45,391 INFO [long-pulling] client count 0

2025-11-12 11:11:54,235 INFO [long-pulling] client count 0

2025-11-12 11:12:04,726 INFO [long-pulling] client count 0

2025-11-12 11:12:09,226 INFO toNotifyTaskSize = 0

2025-11-12 11:12:09,490 INFO toClientNotifyTaskSize = 0

2025-11-12 11:12:11,634 INFO groupCount = 0, subscriberClientCount = 0, subscriberCount = 0

2025-11-12 11:12:14,759 INFO [long-pulling] client count 0

2025-11-12 11:12:19,743 INFO toNotifyTaskSize = 0

2025-11-12 11:12:19,805 INFO toClientNotifyTaskSize = 0

2025-11-12 11:12:21,765 INFO groupCount = 0, subscriberClientCount = 0, subscriberCount = 0

2025-11-12 11:12:24,843 INFO [long-pulling] client count 0

2025-11-12 11:12:29,848 INFO toNotifyTaskSize = 0

2025-11-12 11:12:29,923 INFO toClientNotifyTaskSize = 0

2025-11-12 11:12:32,182 INFO groupCount = 0, subscriberClientCount = 0, subscriberCount = 0

2025-11-12 11:12:36,245 INFO [long-pulling] client count 0

2025-11-12 11:12:39,936 INFO toNotifyTaskSize = 0

2025-11-12 11:12:39,961 INFO toClientNotifyTaskSize = 0

2025-11-12 11:12:42,420 INFO groupCount = 0, subscriberClientCount = 0, subscriberCount = 0

2025-11-12 11:12:48,384 INFO [long-pulling] client count 0

2025-11-12 11:12:50,184 INFO toNotifyTaskSize = 0

2025-11-12 11:12:50,411 INFO toClientNotifyTaskSize = 0

2025-11-12 11:12:52,524 INFO groupCount = 0, subscriberClientCount = 0, subscriberCount = 0

2025-11-12 11:12:58,433 INFO [long-pulling] client count 0

2025-11-12 11:13:00,885 INFO toNotifyTaskSize = 0

2025-11-12 11:13:01,148 INFO toClientNotifyTaskSize = 0

2025-11-12 11:13:02,732 INFO groupCount = 0, subscriberClientCount = 0, subscriberCount = 0

2025-11-12 11:13:08,609 INFO [long-pulling] client count 0

2025-11-12 11:13:11,278 INFO toNotifyTaskSize = 0

2025-11-12 11:13:11,491 INFO toClientNotifyTaskSize = 0

2025-11-12 11:13:13,123 INFO groupCount = 0, subscriberClientCount = 0, subscriberCount = 0

2025-11-12 11:13:18,923 INFO [long-pulling] client count 0

2025-11-12 11:13:23,140 INFO toNotifyTaskSize = 0

2025-11-12 11:13:23,299 INFO groupCount = 0, subscriberClientCount = 0, subscriberCount = 0

2025-11-12 11:13:23,540 INFO toClientNotifyTaskSize = 0

2025-11-12 11:13:29,251 INFO [long-pulling] client count 0

2025-11-12 11:13:33,748 INFO groupCount = 0, subscriberClientCount = 0, subscriberCount = 0

2025-11-12 11:13:33,893 INFO toNotifyTaskSize = 0

2025-11-12 11:13:34,310 INFO toClientNotifyTaskSize = 0

2025-11-12 11:15:58,002 INFO [long-pulling] client count 0

2025-11-12 11:16:08,457 INFO [long-pulling] client count 0

2025-11-12 11:16:17,735 INFO toNotifyTaskSize = 0

2025-11-12 11:16:17,760 INFO toClientNotifyTaskSize = 0

2025-11-12 11:16:17,827 INFO groupCount = 0, subscriberClientCount = 0, subscriberCount = 0

2025-11-12 11:16:18,655 INFO [long-pulling] client count 0

2025-11-12 11:16:27,777 INFO toNotifyTaskSize = 0

2025-11-12 11:16:27,791 INFO toClientNotifyTaskSize = 0

2025-11-12 11:16:27,851 INFO groupCount = 0, subscriberClientCount = 0, subscriberCount = 0

2025-11-12 11:16:28,735 INFO [long-pulling] client count 0

2025-11-12 11:16:39,454 INFO [long-pulling] client count 0

2025-11-12 11:16:39,596 INFO groupCount = 0, subscriberClientCount = 0, subscriberCount = 0

2025-11-12 11:16:39,596 INFO toNotifyTaskSize = 0

2025-11-12 11:16:40,123 INFO toClientNotifyTaskSize = 0

2025-11-12 11:16:49,586 INFO [long-pulling] client count 0

2025-11-12 11:16:49,725 INFO groupCount = 0, subscriberClientCount = 0, subscriberCount = 0

2025-11-12 11:16:50,380 INFO toNotifyTaskSize = 0

2025-11-12 11:16:50,623 INFO toClientNotifyTaskSize = 0

2025-11-12 11:16:59,741 INFO [long-pulling] client count 0

2025-11-12 11:16:59,779 INFO groupCount = 0, subscriberClientCount = 0, subscriberCount = 0

2025-11-12 11:17:00,941 INFO toNotifyTaskSize = 0

2025-11-12 11:17:01,476 INFO toClientNotifyTaskSize = 0

2025-11-12 11:17:10,300 INFO [long-pulling] client count 0

2025-11-12 11:17:10,431 INFO groupCount = 0, subscriberClientCount = 0, subscriberCount = 0

2025-11-12 11:17:12,142 INFO toNotifyTaskSize = 0

2025-11-12 11:17:12,672 INFO toClientNotifyTaskSize = 0

2025-11-12 11:17:20,561 INFO [long-pulling] client count 0

2025-11-12 11:17:21,342 INFO groupCount = 0, subscriberClientCount = 0, subscriberCount = 0

2025-11-12 11:17:22,846 INFO toNotifyTaskSize = 0

2025-11-12 11:17:23,044 INFO toClientNotifyTaskSize = 0

2025-11-12 11:17:30,660 INFO [long-pulling] client count 0

2025-11-12 11:17:31,486 INFO groupCount = 0, subscriberClientCount = 0, subscriberCount = 0

2025-11-12 11:17:33,481 INFO toNotifyTaskSize = 0

2025-11-12 11:17:33,647 INFO toClientNotifyTaskSize = 0

2025-11-12 11:17:40,894 INFO [long-pulling] client count 0

2025-11-12 11:17:41,751 INFO groupCount = 0, subscriberClientCount = 0, subscriberCount = 0

2025-11-12 11:17:43,999 INFO toNotifyTaskSize = 0

2025-11-12 11:17:44,108 INFO toClientNotifyTaskSize = 0

2025-11-12 11:17:51,134 INFO [long-pulling] client count 0

2025-11-12 11:17:51,989 INFO groupCount = 0, subscriberClientCount = 0, subscriberCount = 0

2025-11-12 11:17:54,265 INFO toNotifyTaskSize = 0

2025-11-12 11:17:54,281 INFO toClientNotifyTaskSize = 0

2025-11-12 11:18:01,215 INFO [long-pulling] client count 0

2025-11-12 11:18:02,239 INFO groupCount = 0, subscriberClientCount = 0, subscriberCount = 0

2025-11-12 11:18:04,433 INFO toNotifyTaskSize = 0

2025-11-12 11:18:04,646 INFO toClientNotifyTaskSize = 0

2025-11-12 11:18:11,634 INFO [long-pulling] client count 0

2025-11-12 11:18:12,544 INFO groupCount = 0, subscriberClientCount = 0, subscriberCount = 0

2025-11-12 11:18:14,789 INFO toNotifyTaskSize = 0

2025-11-12 11:18:14,998 INFO toClientNotifyTaskSize = 0

2025-11-12 11:18:21,740 INFO [long-pulling] client count 0

2025-11-12 11:18:22,674 INFO groupCount = 0, subscriberClientCount = 0, subscriberCount = 0

2025-11-12 11:18:25,355 INFO toNotifyTaskSize = 0

2025-11-12 11:18:25,427 INFO toClientNotifyTaskSize = 0

2025-11-12 11:18:31,776 INFO [long-pulling] client count 0

2025-11-12 11:18:32,856 INFO groupCount = 0, subscriberClientCount = 0, subscriberCount = 0

2025-11-12 11:18:35,861 INFO toNotifyTaskSize = 0

2025-11-12 11:18:35,863 INFO toClientNotifyTaskSize = 0

2025-11-12 11:18:42,001 INFO [long-pulling] client count 0

2025-11-12 11:18:44,164 INFO groupCount = 0, subscriberClientCount = 0, subscriberCount = 0

2025-11-12 11:18:46,063 INFO toNotifyTaskSize = 0

2025-11-12 11:18:46,180 INFO toClientNotifyTaskSize = 0

2025-11-12 11:18:52,049 INFO [long-pulling] client count 0

2025-11-12 11:18:54,630 INFO groupCount = 0, subscriberClientCount = 0, subscriberCount = 0

2025-11-12 11:18:56,416 INFO toNotifyTaskSize = 0

2025-11-12 11:18:56,560 INFO toClientNotifyTaskSize = 0

2025-11-12 11:19:02,275 INFO [long-pulling] client count 0

2025-11-12 11:19:04,705 INFO groupCount = 0, subscriberClientCount = 0, subscriberCount = 0

2025-11-12 11:19:06,711 INFO toNotifyTaskSize = 0

2025-11-12 11:19:06,928 INFO toClientNotifyTaskSize = 0

2025-11-12 11:19:12,387 INFO [long-pulling] client count 0

2025-11-12 11:19:14,996 INFO groupCount = 0, subscriberClientCount = 0, subscriberCount = 0

2025-11-12 11:19:17,417 INFO toNotifyTaskSize = 0

2025-11-12 11:19:17,550 INFO toClientNotifyTaskSize = 0

2025-11-12 11:19:22,866 INFO [long-pulling] client count 0

2025-11-12 11:19:25,443 INFO groupCount = 0, subscriberClientCount = 0, subscriberCount = 0

2025-11-12 11:19:27,783 INFO toNotifyTaskSize = 0

2025-11-12 11:19:27,813 INFO toClientNotifyTaskSize = 0

2025-11-12 11:19:33,139 INFO [long-pulling] client count 0

2025-11-12 11:19:36,211 INFO groupCount = 0, subscriberClientCount = 0, subscriberCount = 0

2025-11-12 11:19:37,954 INFO toNotifyTaskSize = 0

2025-11-12 11:19:37,961 INFO toClientNotifyTaskSize = 0

2025-11-12 11:19:43,221 INFO [long-pulling] client count 0

2025-11-12 11:19:46,913 INFO groupCount = 0, subscriberClientCount = 0, subscriberCount = 0

2025-11-12 11:19:48,021 INFO toNotifyTaskSize = 0

2025-11-12 11:19:48,090 INFO toClientNotifyTaskSize = 0

2025-11-12 11:19:53,335 INFO [long-pulling] client count 0

2025-11-12 11:19:57,582 INFO groupCount = 0, subscriberClientCount = 0, subscriberCount = 0

2025-11-12 11:19:58,300 INFO toNotifyTaskSize = 0

2025-11-12 11:19:58,414 INFO toClientNotifyTaskSize = 0

2025-11-12 11:20:03,437 INFO [long-pulling] client count 0

2025-11-12 11:20:08,097 INFO groupCount = 0, subscriberClientCount = 0, subscriberCount = 0

2025-11-12 11:20:08,513 INFO toNotifyTaskSize = 0

2025-11-12 11:20:08,589 INFO toClientNotifyTaskSize = 0

2025-11-12 11:21:23,574 INFO [long-pulling] client count 0

2025-11-12 11:21:33,761 INFO [long-pulling] client count 0

2025-11-12 11:21:39,303 INFO toNotifyTaskSize = 0

2025-11-12 11:21:40,001 INFO toClientNotifyTaskSize = 0

2025-11-12 11:21:46,047 INFO [long-pulling] client count 0

2025-11-12 11:22:46,745 INFO [long-pulling] client count 0

2025-11-12 11:22:57,092 INFO [long-pulling] client count 0

2025-11-12 11:22:58,447 INFO toNotifyTaskSize = 0

2025-11-12 11:22:58,569 INFO toClientNotifyTaskSize = 0

2025-11-12 11:23:03,938 INFO groupCount = 0, subscriberClientCount = 0, subscriberCount = 0

2025-11-12 11:23:07,325 INFO [long-pulling] client count 0

2025-11-12 11:23:08,946 INFO toNotifyTaskSize = 0

2025-11-12 11:23:09,088 INFO toClientNotifyTaskSize = 0

2025-11-12 11:23:14,084 INFO groupCount = 0, subscriberClientCount = 0, subscriberCount = 0

2025-11-12 11:23:17,406 INFO [long-pulling] client count 0

2025-11-12 11:23:19,551 INFO toNotifyTaskSize = 0

2025-11-12 11:23:19,903 INFO toClientNotifyTaskSize = 0

2025-11-12 11:23:24,480 INFO groupCount = 0, subscriberClientCount = 0, subscriberCount = 0

2025-11-12 11:23:27,775 INFO [long-pulling] client count 0

2025-11-12 11:23:30,032 INFO toNotifyTaskSize = 0

2025-11-12 11:23:30,222 INFO toClientNotifyTaskSize = 0

2025-11-12 11:23:35,842 INFO groupCount = 0, subscriberClientCount = 0, subscriberCount = 0

2025-11-12 11:23:38,166 INFO [long-pulling] client count 0

2025-11-12 11:23:40,583 INFO toNotifyTaskSize = 0

2025-11-12 11:23:40,811 INFO toClientNotifyTaskSize = 0

2025-11-12 11:23:47,240 INFO groupCount = 0, subscriberClientCount = 0, subscriberCount = 0

2025-11-12 11:23:49,143 INFO [long-pulling] client count 0

2025-11-12 11:23:51,814 INFO toNotifyTaskSize = 0

2025-11-12 11:23:52,203 INFO toClientNotifyTaskSize = 0

2025-11-12 11:23:58,488 INFO groupCount = 0, subscriberClientCount = 0, subscriberCount = 0

2025-11-12 11:24:00,822 INFO [long-pulling] client count 0

2025-11-12 11:24:03,360 INFO toNotifyTaskSize = 0

2025-11-12 11:24:03,713 INFO toClientNotifyTaskSize = 0

2025-11-12 11:24:09,334 INFO groupCount = 0, subscriberClientCount = 0, subscriberCount = 0

2025-11-12 11:24:11,685 INFO [long-pulling] client count 0

2025-11-12 11:24:14,366 INFO toNotifyTaskSize = 0

2025-11-12 11:24:15,733 INFO toClientNotifyTaskSize = 0

2025-11-12 11:24:21,281 INFO groupCount = 0, subscriberClientCount = 0, subscriberCount = 0

2025-11-12 11:24:23,767 INFO [long-pulling] client count 0

2025-11-12 11:24:32,579 INFO groupCount = 0, subscriberClientCount = 0, subscriberCount = 0

2025-11-12 11:24:26,925 INFO toNotifyTaskSize = 0

2025-11-12 11:24:35,224 INFO [long-pulling] client count 0

2025-11-12 11:24:35,373 INFO toClientNotifyTaskSize = 0

2025-11-12 11:26:46,332 INFO [long-pulling] client count 0

2025-11-12 11:28:12,945 INFO [long-pulling] client count 0

2025-11-12 11:28:23,488 INFO [long-pulling] client count 0

2025-11-12 11:28:34,204 INFO [long-pulling] client count 0

2025-11-12 11:28:33,701 INFO toNotifyTaskSize = 0

2025-11-12 11:28:37,565 INFO toClientNotifyTaskSize = 0

2025-11-12 11:28:51,714 INFO toNotifyTaskSize = 0

2025-11-12 11:28:52,353 INFO toClientNotifyTaskSize = 0

2025-11-12 11:41:41,010 INFO [long-pulling] client count 0

2025-11-12 11:41:51,148 INFO [long-pulling] client count 0

2025-11-12 11:43:42,450 INFO [long-pulling] client count 0

2025-11-12 11:43:52,914 INFO [long-pulling] client count 0

2025-11-12 11:43:58,514 INFO groupCount = 0, subscriberClientCount = 0, subscriberCount = 0

2025-11-12 11:43:58,522 INFO toNotifyTaskSize = 0

2025-11-12 11:43:58,527 INFO toClientNotifyTaskSize = 0

2025-11-12 11:44:02,920 INFO [long-pulling] client count 0

2025-11-12 11:44:08,564 INFO groupCount = 0, subscriberClientCount = 0, subscriberCount = 0

2025-11-12 11:44:08,566 INFO toNotifyTaskSize = 0

2025-11-12 11:44:08,762 INFO toClientNotifyTaskSize = 0

2025-11-12 11:44:12,953 INFO [long-pulling] client count 0

2025-11-12 11:48:20,370 INFO [long-pulling] client count 0

2025-11-12 11:48:33,716 INFO [long-pulling] client count 0

2025-11-12 11:48:43,885 INFO [long-pulling] client count 0

2025-11-12 11:48:45,342 INFO toNotifyTaskSize = 0

2025-11-12 11:48:46,235 INFO toClientNotifyTaskSize = 0

2025-11-12 11:50:45,890 INFO [long-pulling] client count 0

2025-11-12 11:50:56,172 INFO [long-pulling] client count 0

2025-11-12 11:50:59,996 INFO toNotifyTaskSize = 0

2025-11-12 11:51:01,108 INFO toClientNotifyTaskSize = 0

2025-11-12 11:51:06,816 INFO [long-pulling] client count 0

2025-11-12 11:51:14,626 INFO toNotifyTaskSize = 0

2025-11-12 11:52:39,685 INFO [long-pulling] client count 0

2025-11-12 11:52:49,894 INFO [long-pulling] client count 0

2025-11-12 11:52:59,975 INFO [long-pulling] client count 0

2025-11-12 11:53:10,013 INFO [long-pulling] client count 0

2025-11-12 11:53:21,931 INFO [long-pulling] client count 0

2025-11-12 11:53:32,456 INFO [long-pulling] client count 0

2025-11-12 11:55:19,403 INFO [long-pulling] client count 0

2025-11-12 11:55:30,259 INFO [long-pulling] client count 0

2025-11-12 11:55:39,009 INFO toNotifyTaskSize = 0

2025-11-12 11:55:39,578 INFO toClientNotifyTaskSize = 0

2025-11-12 11:55:40,410 INFO [long-pulling] client count 0

2025-11-12 11:55:51,505 INFO toNotifyTaskSize = 0

2025-11-12 11:55:51,790 INFO [long-pulling] client count 0

2025-11-12 11:55:51,984 INFO toClientNotifyTaskSize = 0

2025-11-12 11:57:38,442 INFO [long-pulling] client count 0

2025-11-12 11:57:49,003 INFO [long-pulling] client count 0

2025-11-12 11:58:49,179 INFO [long-pulling] client count 0

2025-11-12 11:58:59,368 INFO [long-pulling] client count 0

2025-11-12 11:59:04,069 INFO toNotifyTaskSize = 0

2025-11-12 11:59:04,946 INFO toClientNotifyTaskSize = 0

2025-11-12 11:59:09,581 INFO [long-pulling] client count 0

2025-11-12 11:59:17,002 INFO toNotifyTaskSize = 0

2025-11-12 11:59:17,158 INFO toClientNotifyTaskSize = 0

2025-11-12 11:59:19,705 INFO [long-pulling] client count 0

2025-11-12 11:59:28,415 INFO toNotifyTaskSize = 0

2025-11-12 11:59:29,022 INFO toClientNotifyTaskSize = 0

2025-11-12 11:59:33,764 INFO [long-pulling] client count 0

2025-11-12 11:59:39,275 INFO toNotifyTaskSize = 0

2025-11-12 11:59:39,398 INFO toClientNotifyTaskSize = 0

2025-11-12 11:59:44,196 INFO [long-pulling] client count 0

2025-11-12 11:59:50,539 INFO toNotifyTaskSize = 0

2025-11-12 12:01:23,282 INFO [long-pulling] client count 0

2025-11-12 12:01:33,500 INFO [long-pulling] client count 0

2025-11-12 12:01:37,974 INFO toNotifyTaskSize = 0

2025-11-12 12:01:38,424 INFO toClientNotifyTaskSize = 0

2025-11-12 12:01:43,759 INFO [long-pulling] client count 0

2025-11-12 12:01:49,298 INFO toNotifyTaskSize = 0

2025-11-12 12:01:49,511 INFO toClientNotifyTaskSize = 0

2025-11-12 12:01:54,235 INFO [long-pulling] client count 0

2025-11-12 12:03:29,881 INFO [long-pulling] client count 0

2025-11-12 12:03:40,184 INFO [long-pulling] client count 0

2025-11-12 12:03:41,697 INFO toNotifyTaskSize = 0

2025-11-12 12:03:41,893 INFO toClientNotifyTaskSize = 0

2025-11-12 12:04:56,431 INFO [long-pulling] client count 0

2025-11-12 12:06:52,500 INFO [long-pulling] client count 0

2025-11-12 12:07:02,819 INFO [long-pulling] client count 0

2025-11-12 12:07:06,648 INFO toNotifyTaskSize = 0

2025-11-12 12:07:07,316 INFO toClientNotifyTaskSize = 0

2025-11-12 12:07:55,611 INFO [long-pulling] client count 0

2025-11-12 12:08:05,850 INFO [long-pulling] client count 0

2025-11-12 12:08:12,523 INFO toNotifyTaskSize = 0

2025-11-12 12:08:13,971 INFO toClientNotifyTaskSize = 0

2025-11-12 12:08:16,319 INFO [long-pulling] client count 0

2025-11-12 12:08:26,588 INFO toNotifyTaskSize = 0

2025-11-12 12:08:26,614 INFO toClientNotifyTaskSize = 0

2025-11-12 12:08:26,812 INFO [long-pulling] client count 0

2025-11-12 12:08:36,721 INFO toNotifyTaskSize = 0

2025-11-12 12:08:37,347 INFO toClientNotifyTaskSize = 0

2025-11-12 12:08:37,243 INFO [long-pulling] client count 0

2025-11-12 12:09:57,739 INFO [long-pulling] client count 0

2025-11-12 12:10:07,955 INFO [long-pulling] client count 0

2025-11-12 12:10:12,749 INFO toNotifyTaskSize = 0

2025-11-12 12:10:12,817 INFO toClientNotifyTaskSize = 0

2025-11-12 12:10:18,202 INFO [long-pulling] client count 0

2025-11-12 12:10:23,073 INFO toNotifyTaskSize = 0

2025-11-12 12:10:23,124 INFO toClientNotifyTaskSize = 0

2025-11-12 12:10:23,774 INFO groupCount = 0, subscriberClientCount = 0, subscriberCount = 0

2025-11-12 12:10:28,278 INFO [long-pulling] client count 0

2025-11-12 12:10:33,303 INFO toNotifyTaskSize = 0

2025-11-12 12:10:33,374 INFO toClientNotifyTaskSize = 0

2025-11-12 12:10:34,019 INFO groupCount = 0, subscriberClientCount = 0, subscriberCount = 0

2025-11-12 12:10:38,587 INFO [long-pulling] client count 0

2025-11-12 12:10:44,127 INFO toNotifyTaskSize = 0

2025-11-12 12:10:44,438 INFO toClientNotifyTaskSize = 0

2025-11-12 12:10:45,028 INFO groupCount = 0, subscriberClientCount = 0, subscriberCount = 0

2025-11-12 12:10:49,414 INFO [long-pulling] client count 0

2025-11-12 12:10:54,872 INFO toNotifyTaskSize = 0

2025-11-12 12:10:55,138 INFO toClientNotifyTaskSize = 0

2025-11-12 12:10:55,313 INFO groupCount = 0, subscriberClientCount = 0, subscriberCount = 0

2025-11-12 12:10:59,462 INFO [long-pulling] client count 0

2025-11-12 12:11:05,368 INFO toNotifyTaskSize = 0

2025-11-12 12:11:05,395 INFO toClientNotifyTaskSize = 0

2025-11-12 12:11:05,480 INFO groupCount = 0, subscriberClientCount = 0, subscriberCount = 0

2025-11-12 12:11:09,550 INFO [long-pulling] client count 0

2025-11-12 12:11:15,804 INFO toNotifyTaskSize = 0

2025-11-12 12:11:15,837 INFO groupCount = 0, subscriberClientCount = 0, subscriberCount = 0

2025-11-12 12:11:15,938 INFO toClientNotifyTaskSize = 0

2025-11-12 12:11:19,686 INFO [long-pulling] client count 0

2025-11-12 12:11:26,372 INFO groupCount = 0, subscriberClientCount = 0, subscriberCount = 0

2025-11-12 12:11:26,587 INFO toNotifyTaskSize = 0

2025-11-12 12:11:26,939 INFO toClientNotifyTaskSize = 0

2025-11-12 12:11:29,999 INFO [long-pulling] client count 0

2025-11-12 12:11:37,309 INFO toNotifyTaskSize = 0

2025-11-12 12:11:37,190 INFO groupCount = 0, subscriberClientCount = 0, subscriberCount = 0

2025-11-12 12:11:37,540 INFO toClientNotifyTaskSize = 0

2025-11-12 12:11:40,267 INFO [long-pulling] client count 0

2025-11-12 12:11:48,120 INFO toNotifyTaskSize = 0

2025-11-12 12:11:48,267 INFO toClientNotifyTaskSize = 0

2025-11-12 12:11:48,665 INFO groupCount = 0, subscriberClientCount = 0, subscriberCount = 0

2025-11-12 12:11:50,567 INFO [long-pulling] client count 0

2025-11-12 12:11:58,641 INFO toNotifyTaskSize = 0

2025-11-12 12:11:59,357 INFO toClientNotifyTaskSize = 0

2025-11-12 12:11:59,848 INFO groupCount = 0, subscriberClientCount = 0, subscriberCount = 0

2025-11-12 12:12:08,266 INFO [long-pulling] client count 0

2025-11-12 12:12:10,127 INFO toNotifyTaskSize = 0

2025-11-12 12:12:10,568 INFO groupCount = 0, subscriberClientCount = 0, subscriberCount = 0

2025-11-12 12:12:11,020 INFO toClientNotifyTaskSize = 0

2025-11-12 12:12:18,704 INFO [long-pulling] client count 0

2025-11-12 12:12:21,645 INFO toNotifyTaskSize = 0

2025-11-12 12:12:21,795 INFO groupCount = 0, subscriberClientCount = 0, subscriberCount = 0

2025-11-12 12:12:22,031 INFO toClientNotifyTaskSize = 0

2025-11-12 12:12:29,691 INFO [long-pulling] client count 0

2025-11-12 12:12:32,309 INFO groupCount = 0, subscriberClientCount = 0, subscriberCount = 0

2025-11-12 12:12:32,700 INFO toNotifyTaskSize = 0

2025-11-12 12:12:32,799 INFO toClientNotifyTaskSize = 0

2025-11-12 12:12:40,060 INFO [long-pulling] client count 0

2025-11-12 12:12:42,493 INFO groupCount = 0, subscriberClientCount = 0, subscriberCount = 0

2025-11-12 12:12:42,959 INFO toNotifyTaskSize = 0

2025-11-12 12:12:43,125 INFO toClientNotifyTaskSize = 0

2025-11-12 12:12:50,417 INFO [long-pulling] client count 0

2025-11-12 12:12:53,150 INFO groupCount = 0, subscriberClientCount = 0, subscriberCount = 0

2025-11-12 12:12:53,161 INFO toNotifyTaskSize = 0

2025-11-12 12:12:53,163 INFO toClientNotifyTaskSize = 0

2025-11-12 12:13:00,645 INFO [long-pulling] client count 0

2025-11-12 12:13:03,274 INFO groupCount = 0, subscriberClientCount = 0, subscriberCount = 0

2025-11-12 12:13:03,379 INFO toNotifyTaskSize = 0

2025-11-12 12:13:03,812 INFO toClientNotifyTaskSize = 0

2025-11-12 12:13:11,110 INFO [long-pulling] client count 0

2025-11-12 12:13:13,787 INFO groupCount = 0, subscriberClientCount = 0, subscriberCount = 0

2025-11-12 12:13:14,199 INFO toNotifyTaskSize = 0

2025-11-12 12:13:14,573 INFO toClientNotifyTaskSize = 0

2025-11-12 12:13:22,266 INFO [long-pulling] client count 0

2025-11-12 12:13:24,770 INFO groupCount = 0, subscriberClientCount = 0, subscriberCount = 0

2025-11-12 12:13:25,658 INFO toNotifyTaskSize = 0

2025-11-12 12:13:26,581 INFO toClientNotifyTaskSize = 0

2025-11-12 12:13:32,740 INFO [long-pulling] client count 0

2025-11-12 12:16:58,239 INFO [long-pulling] client count 0

2025-11-12 12:17:08,786 INFO [long-pulling] client count 0

2025-11-12 12:17:14,571 INFO toNotifyTaskSize = 0

2025-11-12 12:17:14,600 INFO toClientNotifyTaskSize = 0

2025-11-12 12:17:15,748 INFO groupCount = 0, subscriberClientCount = 0, subscriberCount = 0

2025-11-12 12:17:18,908 INFO [long-pulling] client count 0

2025-11-12 12:17:24,623 INFO toNotifyTaskSize = 0

2025-11-12 12:17:24,625 INFO toClientNotifyTaskSize = 0

2025-11-12 12:17:26,754 INFO groupCount = 0, subscriberClientCount = 0, subscriberCount = 0

2025-11-12 12:17:29,063 INFO [long-pulling] client count 0

2025-11-12 12:17:34,644 INFO toNotifyTaskSize = 0

2025-11-12 12:17:34,665 INFO toClientNotifyTaskSize = 0

2025-11-12 12:17:37,308 INFO groupCount = 0, subscriberClientCount = 0, subscriberCount = 0

2025-11-12 12:17:39,140 INFO [long-pulling] client count 0

2025-11-12 12:17:44,713 INFO toNotifyTaskSize = 0

2025-11-12 12:17:45,184 INFO toClientNotifyTaskSize = 0

2025-11-12 12:17:47,656 INFO groupCount = 0, subscriberClientCount = 0, subscriberCount = 0

2025-11-12 12:17:49,262 INFO [long-pulling] client count 0

2025-11-12 12:17:55,553 INFO toNotifyTaskSize = 0

2025-11-12 12:17:55,707 INFO toClientNotifyTaskSize = 0

2025-11-12 12:17:58,294 INFO groupCount = 0, subscriberClientCount = 0, subscriberCount = 0

2025-11-12 12:17:59,746 INFO [long-pulling] client count 0

2025-11-12 12:18:05,850 INFO toNotifyTaskSize = 0

2025-11-12 12:18:05,910 INFO toClientNotifyTaskSize = 0

2025-11-12 12:18:08,740 INFO groupCount = 0, subscriberClientCount = 0, subscriberCount = 0

2025-11-12 12:18:09,892 INFO [long-pulling] client count 0

2025-11-12 12:18:15,960 INFO toNotifyTaskSize = 0

2025-11-12 12:18:15,965 INFO toClientNotifyTaskSize = 0

2025-11-12 12:18:18,924 INFO groupCount = 0, subscriberClientCount = 0, subscriberCount = 0

2025-11-12 12:18:19,911 INFO [long-pulling] client count 0

2025-11-12 12:18:26,445 INFO toNotifyTaskSize = 0

2025-11-12 12:18:26,708 INFO toClientNotifyTaskSize = 0

2025-11-12 12:18:28,974 INFO groupCount = 0, subscriberClientCount = 0, subscriberCount = 0

2025-11-12 12:18:30,084 INFO [long-pulling] client count 0

2025-11-12 12:18:36,993 INFO toNotifyTaskSize = 0

2025-11-12 12:18:37,103 INFO toClientNotifyTaskSize = 0

2025-11-12 12:18:39,240 INFO groupCount = 0, subscriberClientCount = 0, subscriberCount = 0

2025-11-12 12:18:40,350 INFO [long-pulling] client count 0

2025-11-12 12:18:47,349 INFO toNotifyTaskSize = 0

2025-11-12 12:18:47,368 INFO toClientNotifyTaskSize = 0

2025-11-12 12:18:49,375 INFO groupCount = 0, subscriberClientCount = 0, subscriberCount = 0

2025-11-12 12:18:50,622 INFO [long-pulling] client count 0

2025-11-12 12:18:57,644 INFO toNotifyTaskSize = 0

2025-11-12 12:18:57,777 INFO toClientNotifyTaskSize = 0

2025-11-12 12:18:59,946 INFO groupCount = 0, subscriberClientCount = 0, subscriberCount = 0

2025-11-12 12:19:00,854 INFO [long-pulling] client count 0

2025-11-12 12:19:08,059 INFO toNotifyTaskSize = 0

2025-11-12 12:19:09,519 INFO toClientNotifyTaskSize = 0

2025-11-12 12:19:10,550 INFO groupCount = 0, subscriberClientCount = 0, subscriberCount = 0

2025-11-12 12:19:11,063 INFO [long-pulling] client count 0

2025-11-12 12:19:20,615 INFO toNotifyTaskSize = 0

2025-11-12 12:19:20,617 INFO groupCount = 0, subscriberClientCount = 0, subscriberCount = 0

2025-11-12 12:19:20,650 INFO toClientNotifyTaskSize = 0

2025-11-12 12:19:21,170 INFO [long-pulling] client count 0

2025-11-12 12:23:24,812 INFO [long-pulling] client count 0

2025-11-12 12:23:35,163 INFO [long-pulling] client count 0

2025-11-12 12:23:41,646 INFO toNotifyTaskSize = 0

2025-11-12 12:23:42,361 INFO toClientNotifyTaskSize = 0

2025-11-12 12:23:45,199 INFO [long-pulling] client count 0

2025-11-12 12:23:47,124 INFO groupCount = 0, subscriberClientCount = 0, subscriberCount = 0

2025-11-12 12:23:53,679 INFO toNotifyTaskSize = 0

2025-11-12 12:23:53,723 INFO toClientNotifyTaskSize = 0

2025-11-12 12:23:55,242 INFO [long-pulling] client count 0

2025-11-12 12:23:57,268 INFO groupCount = 0, subscriberClientCount = 0, subscriberCount = 0

2025-11-12 12:24:03,841 INFO toNotifyTaskSize = 0

2025-11-12 12:24:04,209 INFO toClientNotifyTaskSize = 0

2025-11-12 12:24:05,628 INFO [long-pulling] client count 0

2025-11-12 12:24:07,686 INFO groupCount = 0, subscriberClientCount = 0, subscriberCount = 0

2025-11-12 12:24:15,614 INFO toNotifyTaskSize = 0

2025-11-12 12:24:15,641 INFO toClientNotifyTaskSize = 0

2025-11-12 12:24:15,909 INFO [long-pulling] client count 0

2025-11-12 12:24:18,283 INFO groupCount = 0, subscriberClientCount = 0, subscriberCount = 0

2025-11-12 12:24:26,440 INFO [long-pulling] client count 0

2025-11-12 12:24:26,095 INFO toNotifyTaskSize = 0

2025-11-12 12:24:27,619 INFO toClientNotifyTaskSize = 0

2025-11-12 12:24:29,290 INFO groupCount = 0, subscriberClientCount = 0, subscriberCount = 0

2025-11-12 12:28:22,467 INFO [long-pulling] client count 0

2025-11-12 12:28:32,845 INFO [long-pulling] client count 0

2025-11-12 12:28:42,934 INFO [long-pulling] client count 0

2025-11-12 12:28:53,001 INFO [long-pulling] client count 0

2025-11-12 12:29:03,182 INFO [long-pulling] client count 0

2025-11-12 12:29:13,838 INFO [long-pulling] client count 0

2025-11-12 12:31:48,354 INFO [long-pulling] client count 0

2025-11-12 12:31:58,539 INFO [long-pulling] client count 0

2025-11-12 12:32:00,319 INFO toNotifyTaskSize = 0

2025-11-12 12:32:00,996 INFO toClientNotifyTaskSize = 0

2025-11-12 12:32:08,600 INFO [long-pulling] client count 0

2025-11-12 12:32:11,446 INFO toNotifyTaskSize = 0

2025-11-12 12:32:11,727 INFO toClientNotifyTaskSize = 0

2025-11-12 12:32:15,926 INFO groupCount = 0, subscriberClientCount = 0, subscriberCount = 0

2025-11-12 12:32:18,900 INFO [long-pulling] client count 0

2025-11-12 12:32:24,183 INFO toNotifyTaskSize = 0

2025-11-12 12:32:24,688 INFO toClientNotifyTaskSize = 0

2025-11-12 12:32:27,987 INFO groupCount = 0, subscriberClientCount = 0, subscriberCount = 0

2025-11-12 12:32:32,382 INFO [long-pulling] client count 0

2025-11-12 12:32:35,934 INFO toNotifyTaskSize = 0

2025-11-12 12:32:36,280 INFO toClientNotifyTaskSize = 0

2025-11-12 12:32:39,186 INFO groupCount = 0, subscriberClientCount = 0, subscriberCount = 0

2025-11-12 12:32:43,259 INFO [long-pulling] client count 0

2025-11-12 12:32:46,988 INFO toNotifyTaskSize = 0

2025-11-12 12:32:47,107 INFO toClientNotifyTaskSize = 0

2025-11-12 12:32:50,831 INFO groupCount = 0, subscriberClientCount = 0, subscriberCount = 0

2025-11-12 12:32:53,616 INFO [long-pulling] client count 0

2025-11-12 12:32:57,604 INFO toNotifyTaskSize = 0

2025-11-12 12:32:58,305 INFO toClientNotifyTaskSize = 0

2025-11-12 12:33:02,045 INFO groupCount = 0, subscriberClientCount = 0, subscriberCount = 0

2025-11-12 12:33:03,703 INFO [long-pulling] client count 0

2025-11-12 12:33:08,627 INFO toNotifyTaskSize = 0

2025-11-12 12:33:09,546 INFO toClientNotifyTaskSize = 0

2025-11-12 12:33:12,949 INFO groupCount = 0, subscriberClientCount = 0, subscriberCount = 0

2025-11-12 12:33:13,739 INFO [long-pulling] client count 0

2025-11-12 12:33:19,832 INFO toNotifyTaskSize = 0

2025-11-12 12:33:19,979 INFO toClientNotifyTaskSize = 0

2025-11-12 12:33:23,576 INFO groupCount = 0, subscriberClientCount = 0, subscriberCount = 0

2025-11-12 12:33:23,827 INFO [long-pulling] client count 0

2025-11-12 12:33:30,999 INFO toNotifyTaskSize = 0

2025-11-12 12:33:31,320 INFO toClientNotifyTaskSize = 0

2025-11-12 12:33:34,053 INFO groupCount = 0, subscriberClientCount = 0, subscriberCount = 0

2025-11-12 12:33:34,097 INFO [long-pulling] client count 0

2025-11-12 12:33:41,940 INFO toNotifyTaskSize = 0

2025-11-12 12:35:10,503 INFO [long-pulling] client count 0

2025-11-12 12:35:21,598 INFO [long-pulling] client count 0

2025-11-12 12:35:32,866 INFO [long-pulling] client count 0

2025-11-12 12:35:45,400 INFO [long-pulling] client count 0

2025-11-12 12:35:58,645 INFO [long-pulling] client count 0

2025-11-12 12:36:11,972 INFO [long-pulling] client count 0

2025-11-12 12:38:19,579 INFO [long-pulling] client count 0

2025-11-12 12:38:30,162 INFO [long-pulling] client count 0

2025-11-12 12:38:34,200 INFO toNotifyTaskSize = 0

2025-11-12 12:38:34,571 INFO toClientNotifyTaskSize = 0

2025-11-12 12:38:40,512 INFO [long-pulling] client count 0

2025-11-12 12:38:45,230 INFO toNotifyTaskSize = 0

2025-11-12 12:38:45,983 INFO toClientNotifyTaskSize = 0

2025-11-12 12:38:50,868 INFO [long-pulling] client count 0

2025-11-12 12:38:53,811 INFO groupCount = 0, subscriberClientCount = 0, subscriberCount = 0

2025-11-12 12:38:56,333 INFO toNotifyTaskSize = 0

2025-11-12 12:38:56,854 INFO toClientNotifyTaskSize = 0

2025-11-12 12:39:01,594 INFO [long-pulling] client count 0

2025-11-12 12:39:04,753 INFO groupCount = 0, subscriberClientCount = 0, subscriberCount = 0

2025-11-12 12:39:07,991 INFO toNotifyTaskSize = 0

2025-11-12 12:39:08,273 INFO toClientNotifyTaskSize = 0

2025-11-12 12:39:12,412 INFO [long-pulling] client count 0

2025-11-12 12:39:15,971 INFO groupCount = 0, subscriberClientCount = 0, subscriberCount = 0

2025-11-12 12:39:18,807 INFO toNotifyTaskSize = 0

2025-11-12 12:39:19,077 INFO toClientNotifyTaskSize = 0

2025-11-12 12:39:22,774 INFO [long-pulling] client count 0

2025-11-12 12:39:26,295 INFO groupCount = 0, subscriberClientCount = 0, subscriberCount = 0

2025-11-12 12:39:29,269 INFO toNotifyTaskSize = 0

2025-11-12 12:39:29,337 INFO toClientNotifyTaskSize = 0

2025-11-12 12:39:32,810 INFO [long-pulling] client count 0

2025-11-12 12:39:36,811 INFO groupCount = 0, subscriberClientCount = 0, subscriberCount = 0

2025-11-12 12:39:39,639 INFO toNotifyTaskSize = 0

2025-11-12 12:39:39,881 INFO toClientNotifyTaskSize = 0

2025-11-12 12:39:43,298 INFO [long-pulling] client count 0

2025-11-12 12:39:47,446 INFO groupCount = 0, subscriberClientCount = 0, subscriberCount = 0

2025-11-12 12:39:50,311 INFO toNotifyTaskSize = 0

2025-11-12 12:39:51,072 INFO toClientNotifyTaskSize = 0

2025-11-12 12:39:53,705 INFO [long-pulling] client count 0

2025-11-12 12:39:57,590 INFO groupCount = 0, subscriberClientCount = 0, subscriberCount = 0

2025-11-12 12:40:02,116 INFO toNotifyTaskSize = 0

2025-11-12 12:40:03,384 INFO toClientNotifyTaskSize = 0

2025-11-12 12:40:03,791 INFO [long-pulling] client count 0

2025-11-12 12:40:09,198 INFO groupCount = 0, subscriberClientCount = 0, subscriberCount = 0

2025-11-12 12:40:17,636 INFO toNotifyTaskSize = 0

2025-11-12 12:40:17,867 INFO toClientNotifyTaskSize = 0

2025-11-12 12:40:18,073 INFO [long-pulling] client count 0

2025-11-12 12:40:19,676 INFO groupCount = 0, subscriberClientCount = 0, subscriberCount = 0

2025-11-12 12:40:28,344 INFO [long-pulling] client count 0

2025-11-12 12:40:28,346 INFO toNotifyTaskSize = 0

2025-11-12 12:40:28,362 INFO toClientNotifyTaskSize = 0

2025-11-12 12:40:29,791 INFO groupCount = 0, subscriberClientCount = 0, subscriberCount = 0

2025-11-12 12:40:38,499 INFO [long-pulling] client count 0

2025-11-12 12:40:38,505 INFO toNotifyTaskSize = 0

2025-11-12 12:40:38,580 INFO toClientNotifyTaskSize = 0

2025-11-12 12:40:39,922 INFO groupCount = 0, subscriberClientCount = 0, subscriberCount = 0

2025-11-12 12:40:48,555 INFO [long-pulling] client count 0

2025-11-12 12:40:48,989 INFO toNotifyTaskSize = 0

2025-11-12 12:40:49,072 INFO toClientNotifyTaskSize = 0

2025-11-12 12:40:52,359 INFO groupCount = 0, subscriberClientCount = 0, subscriberCount = 0

2025-11-12 12:40:58,598 INFO [long-pulling] client count 0

2025-11-12 12:40:59,211 INFO toNotifyTaskSize = 0

2025-11-12 12:40:59,253 INFO toClientNotifyTaskSize = 0

2025-11-12 12:41:07,639 INFO groupCount = 0, subscriberClientCount = 0, subscriberCount = 0

2025-11-12 12:41:08,736 INFO [long-pulling] client count 0

2025-11-12 12:41:09,867 INFO toNotifyTaskSize = 0

2025-11-12 12:41:11,074 INFO toClientNotifyTaskSize = 0

2025-11-12 12:41:18,542 INFO groupCount = 0, subscriberClientCount = 0, subscriberCount = 0

2025-11-12 12:41:18,925 INFO [long-pulling] client count 0

2025-11-12 12:41:22,022 INFO toNotifyTaskSize = 0

2025-11-12 12:41:22,268 INFO toClientNotifyTaskSize = 0

2025-11-12 12:41:29,159 INFO groupCount = 0, subscriberClientCount = 0, subscriberCount = 0

2025-11-12 12:41:29,513 INFO [long-pulling] client count 0

2025-11-12 12:41:33,747 INFO toNotifyTaskSize = 0

2025-11-12 12:41:33,900 INFO toClientNotifyTaskSize = 0

2025-11-12 12:41:39,440 INFO groupCount = 0, subscriberClientCount = 0, subscriberCount = 0

2025-11-12 12:41:40,032 INFO [long-pulling] client count 0

2025-11-12 12:41:44,147 INFO toNotifyTaskSize = 0

2025-11-12 12:41:44,154 INFO toClientNotifyTaskSize = 0

2025-11-12 12:41:49,597 INFO groupCount = 0, subscriberClientCount = 0, subscriberCount = 0

2025-11-12 12:41:50,118 INFO [long-pulling] client count 0

2025-11-12 12:41:54,408 INFO toNotifyTaskSize = 0

2025-11-12 12:41:54,630 INFO toClientNotifyTaskSize = 0

2025-11-12 12:42:00,106 INFO groupCount = 0, subscriberClientCount = 0, subscriberCount = 0

2025-11-12 12:42:00,249 INFO [long-pulling] client count 0

2025-11-12 12:42:04,996 INFO toNotifyTaskSize = 0

2025-11-12 12:42:05,263 INFO toClientNotifyTaskSize = 0

2025-11-12 12:42:10,795 INFO [long-pulling] client count 0

2025-11-12 12:42:10,819 INFO groupCount = 0, subscriberClientCount = 0, subscriberCount = 0

2025-11-12 12:42:15,828 INFO toNotifyTaskSize = 0

2025-11-12 12:42:16,983 INFO toClientNotifyTaskSize = 0

2025-11-12 12:42:21,095 INFO [long-pulling] client count 0

2025-11-12 12:42:21,600 INFO groupCount = 0, subscriberClientCount = 0, subscriberCount = 0

2025-11-12 12:42:27,446 INFO toNotifyTaskSize = 0

2025-11-12 12:42:27,692 INFO toClientNotifyTaskSize = 0

2025-11-12 12:42:31,593 INFO [long-pulling] client count 0

2025-11-12 12:42:32,222 INFO groupCount = 0, subscriberClientCount = 0, subscriberCount = 0

2025-11-12 12:42:38,816 INFO toNotifyTaskSize = 0

2025-11-12 12:42:41,170 INFO toClientNotifyTaskSize = 0

2025-11-12 12:42:44,085 INFO groupCount = 0, subscriberClientCount = 0, subscriberCount = 0

2025-11-12 12:42:42,248 INFO [long-pulling] client count 0

2025-11-12 12:42:55,344 INFO toNotifyTaskSize = 0

2025-11-12 12:42:56,328 INFO [long-pulling] client count 0

2025-11-12 12:42:56,004 INFO groupCount = 0, subscriberClientCount = 0, subscriberCount = 0

2025-11-12 12:42:57,023 INFO toClientNotifyTaskSize = 0

2025-11-12 12:44:58,839 INFO [long-pulling] client count 0

2025-11-12 12:45:09,239 INFO [long-pulling] client count 0

2025-11-12 12:45:12,354 INFO toNotifyTaskSize = 0

2025-11-12 12:45:12,521 INFO toClientNotifyTaskSize = 0

2025-11-12 12:45:19,695 INFO [long-pulling] client count 0

2025-11-12 12:45:24,553 INFO toNotifyTaskSize = 0

2025-11-12 12:45:24,888 INFO toClientNotifyTaskSize = 0

2025-11-12 12:47:58,758 INFO [long-pulling] client count 0

2025-11-12 12:48:09,115 INFO [long-pulling] client count 0

2025-11-12 12:48:11,535 INFO toNotifyTaskSize = 0

2025-11-12 12:48:11,541 INFO toClientNotifyTaskSize = 0

2025-11-12 12:48:17,316 INFO groupCount = 0, subscriberClientCount = 0, subscriberCount = 0

2025-11-12 12:48:19,900 INFO [long-pulling] client count 0

2025-11-12 12:48:22,124 INFO toNotifyTaskSize = 0

2025-11-12 12:48:22,621 INFO toClientNotifyTaskSize = 0

2025-11-12 12:48:28,805 INFO groupCount = 0, subscriberClientCount = 0, subscriberCount = 0

2025-11-12 12:48:30,843 INFO [long-pulling] client count 0

2025-11-12 12:48:35,084 INFO toNotifyTaskSize = 0

2025-11-12 12:48:35,982 INFO toClientNotifyTaskSize = 0

2025-11-12 12:48:39,655 INFO groupCount = 0, subscriberClientCount = 0, subscriberCount = 0

2025-11-12 12:48:42,731 INFO [long-pulling] client count 0

2025-11-12 12:48:47,422 INFO toNotifyTaskSize = 0

2025-11-12 12:48:47,624 INFO toClientNotifyTaskSize = 0

2025-11-12 12:50:24,591 INFO [long-pulling] client count 0

2025-11-12 12:50:34,853 INFO [long-pulling] client count 0

2025-11-12 12:50:36,508 INFO toNotifyTaskSize = 0

2025-11-12 12:50:36,615 INFO toClientNotifyTaskSize = 0

2025-11-12 12:50:37,679 INFO groupCount = 0, subscriberClientCount = 0, subscriberCount = 0

2025-11-12 12:50:44,914 INFO [long-pulling] client count 0

2025-11-12 12:50:46,689 INFO toNotifyTaskSize = 0

2025-11-12 12:50:46,733 INFO toClientNotifyTaskSize = 0

2025-11-12 12:50:47,791 INFO groupCount = 0, subscriberClientCount = 0, subscriberCount = 0

2025-11-12 12:50:55,280 INFO [long-pulling] client count 0

2025-11-12 12:50:56,878 INFO toNotifyTaskSize = 0

2025-11-12 12:50:56,964 INFO toClientNotifyTaskSize = 0

2025-11-12 12:50:57,966 INFO groupCount = 0, subscriberClientCount = 0, subscriberCount = 0

2025-11-12 12:51:05,319 INFO [long-pulling] client count 0

2025-11-12 12:51:07,025 INFO toNotifyTaskSize = 0

2025-11-12 12:51:07,054 INFO toClientNotifyTaskSize = 0

2025-11-12 12:51:08,384 INFO groupCount = 0, subscriberClientCount = 0, subscriberCount = 0

2025-11-12 13:12:30,328 INFO [long-pulling] client count 0

2025-11-12 13:12:40,986 INFO [long-pulling] client count 0

2025-11-12 13:12:51,171 INFO [long-pulling] client count 0

2025-11-12 13:13:01,472 INFO [long-pulling] client count 0

2025-11-12 13:13:11,666 INFO [long-pulling] client count 0

2025-11-12 13:15:48,819 INFO [long-pulling] client count 0

2025-11-12 13:15:59,253 INFO [long-pulling] client count 0

2025-11-12 13:18:08,886 INFO [long-pulling] client count 0

2025-11-12 13:20:54,010 INFO [long-pulling] client count 0

2025-11-12 13:21:04,166 INFO [long-pulling] client count 0

2025-11-12 13:21:14,185 INFO [long-pulling] client count 0

2025-11-12 13:21:24,399 INFO [long-pulling] client count 0

2025-11-12 13:21:34,525 INFO [long-pulling] client count 0

2025-11-12 13:21:44,882 INFO [long-pulling] client count 0

2025-11-12 13:21:57,516 INFO [long-pulling] client count 0

2025-11-12 13:22:09,101 INFO [long-pulling] client count 0

2025-11-12 13:22:24,414 INFO [long-pulling] client count 0

2025-11-12 13:26:31,387 INFO [long-pulling] client count 0

2025-11-12 13:26:42,755 INFO [long-pulling] client count 0

2025-11-12 13:29:53,443 INFO [long-pulling] client count 0

2025-11-12 13:30:03,787 INFO [long-pulling] client count 0

2025-11-12 13:30:08,829 INFO toNotifyTaskSize = 0

2025-11-12 13:30:09,512 INFO toClientNotifyTaskSize = 0

2025-11-12 13:30:14,046 INFO [long-pulling] client count 0

2025-11-12 13:33:16,199 INFO [long-pulling] client count 0

2025-11-12 13:33:26,633 INFO [long-pulling] client count 0

2025-11-12 13:33:30,134 INFO toNotifyTaskSize = 0

2025-11-12 13:33:30,148 INFO toClientNotifyTaskSize = 0

2025-11-12 13:33:36,866 INFO [long-pulling] client count 0

2025-11-12 13:33:41,116 INFO toNotifyTaskSize = 0

2025-11-12 13:33:43,265 INFO toClientNotifyTaskSize = 0

2025-11-12 13:33:47,679 INFO [long-pulling] client count 0

2025-11-12 13:33:54,264 INFO toNotifyTaskSize = 0

2025-11-12 13:37:44,173 INFO [long-pulling] client count 0

2025-11-12 13:37:54,364 INFO [long-pulling] client count 0

2025-11-12 13:37:58,976 INFO toNotifyTaskSize = 0

2025-11-12 13:37:59,629 INFO toClientNotifyTaskSize = 0

2025-11-12 13:38:04,548 INFO [long-pulling] client count 0

2025-11-12 13:43:09,497 INFO [long-pulling] client count 0

2025-11-12 13:43:19,977 INFO [long-pulling] client count 0

2025-11-12 13:43:24,795 INFO toNotifyTaskSize = 0

2025-11-12 13:43:25,265 INFO toClientNotifyTaskSize = 0

2025-11-12 13:43:30,201 INFO [long-pulling] client count 0

2025-11-12 13:43:37,805 INFO toNotifyTaskSize = 0

2025-11-12 13:43:38,243 INFO toClientNotifyTaskSize = 0

2025-11-12 13:43:40,903 INFO [long-pulling] client count 0

2025-11-12 13:43:48,642 INFO toNotifyTaskSize = 0

2025-11-12 13:43:49,058 INFO toClientNotifyTaskSize = 0

2025-11-12 13:44:01,345 INFO [long-pulling] client count 0

2025-11-12 13:44:06,253 INFO toNotifyTaskSize = 0

2025-11-12 13:44:08,878 INFO toClientNotifyTaskSize = 0

2025-11-12 13:47:22,746 INFO [long-pulling] client count 0

2025-11-12 13:47:33,305 INFO [long-pulling] client count 0

2025-11-12 13:49:46,382 INFO [long-pulling] client count 0

2025-11-12 13:49:56,939 INFO [long-pulling] client count 0

2025-11-12 13:49:59,161 INFO toNotifyTaskSize = 0

2025-11-12 13:49:59,170 INFO toClientNotifyTaskSize = 0

2025-11-12 13:50:03,214 INFO groupCount = 0, subscriberClientCount = 0, subscriberCount = 0

2025-11-12 13:50:07,085 INFO [long-pulling] client count 0

2025-11-12 13:50:09,188 INFO toNotifyTaskSize = 0

2025-11-12 13:50:09,206 INFO toClientNotifyTaskSize = 0

2025-11-12 13:50:13,632 INFO groupCount = 0, subscriberClientCount = 0, subscriberCount = 0

2025-11-12 13:50:17,372 INFO [long-pulling] client count 0

2025-11-12 13:50:19,262 INFO toNotifyTaskSize = 0

2025-11-12 13:50:19,286 INFO toClientNotifyTaskSize = 0

2025-11-12 13:50:23,715 INFO groupCount = 0, subscriberClientCount = 0, subscriberCount = 0

2025-11-12 13:50:27,471 INFO [long-pulling] client count 0

2025-11-12 13:50:29,774 INFO toNotifyTaskSize = 0

2025-11-12 13:50:30,433 INFO toClientNotifyTaskSize = 0

2025-11-12 13:50:34,044 INFO groupCount = 0, subscriberClientCount = 0, subscriberCount = 0

2025-11-12 13:50:37,665 INFO [long-pulling] client count 0

2025-11-12 13:50:40,466 INFO toNotifyTaskSize = 0

2025-11-12 13:50:40,494 INFO toClientNotifyTaskSize = 0

2025-11-12 13:50:44,190 INFO groupCount = 0, subscriberClientCount = 0, subscriberCount = 0

2025-11-12 13:50:47,780 INFO [long-pulling] client count 0

2025-11-12 13:50:50,643 INFO toNotifyTaskSize = 0

2025-11-12 13:50:50,692 INFO toClientNotifyTaskSize = 0

2025-11-12 13:50:54,508 INFO groupCount = 0, subscriberClientCount = 0, subscriberCount = 0

2025-11-12 13:50:58,114 INFO [long-pulling] client count 0

2025-11-12 13:51:03,061 INFO toNotifyTaskSize = 0

2025-11-12 13:51:03,197 INFO toClientNotifyTaskSize = 0

2025-11-12 13:51:04,760 INFO groupCount = 0, subscriberClientCount = 0, subscriberCount = 0

2025-11-12 13:51:08,782 INFO [long-pulling] client count 0

2025-11-12 13:51:14,908 INFO toNotifyTaskSize = 0

2025-11-12 13:51:15,122 INFO groupCount = 0, subscriberClientCount = 0, subscriberCount = 0

2025-11-12 13:51:16,466 INFO toClientNotifyTaskSize = 0

2025-11-12 13:51:20,161 INFO [long-pulling] client count 0

2025-11-12 13:51:28,125 INFO toNotifyTaskSize = 0

2025-11-12 13:51:27,974 INFO groupCount = 0, subscriberClientCount = 0, subscriberCount = 0

2025-11-12 13:51:29,778 INFO toClientNotifyTaskSize = 0

2025-11-12 13:51:31,258 INFO [long-pulling] client count 0

2025-11-12 13:51:41,273 INFO toNotifyTaskSize = 0

2025-11-12 13:51:42,040 INFO toClientNotifyTaskSize = 0

2025-11-12 13:51:42,178 INFO [long-pulling] client count 0

2025-11-12 13:51:40,937 INFO groupCount = 0, subscriberClientCount = 0, subscriberCount = 0

2025-11-12 13:51:53,495 INFO [long-pulling] client count 0

2025-11-12 13:51:53,813 INFO groupCount = 0, subscriberClientCount = 0, subscriberCount = 0

2025-11-12 13:51:54,608 INFO toNotifyTaskSize = 0

2025-11-12 13:51:54,868 INFO toClientNotifyTaskSize = 0

2025-11-12 13:52:03,668 INFO [long-pulling] client count 0

2025-11-12 13:52:04,660 INFO groupCount = 0, subscriberClientCount = 0, subscriberCount = 0

2025-11-12 13:52:05,712 INFO toNotifyTaskSize = 0

2025-11-12 13:52:06,129 INFO toClientNotifyTaskSize = 0

2025-11-12 13:52:14,823 INFO [long-pulling] client count 0

2025-11-12 13:52:15,289 INFO groupCount = 0, subscriberClientCount = 0, subscriberCount = 0

2025-11-12 13:52:16,402 INFO toNotifyTaskSize = 0

2025-11-12 13:52:17,030 INFO toClientNotifyTaskSize = 0

2025-11-12 13:52:25,494 INFO [long-pulling] client count 0

2025-11-12 13:52:25,980 INFO groupCount = 0, subscriberClientCount = 0, subscriberCount = 0

2025-11-12 13:52:29,366 INFO toNotifyTaskSize = 0

2025-11-12 13:52:29,399 INFO toClientNotifyTaskSize = 0

2025-11-12 13:52:35,972 INFO [long-pulling] client count 0

2025-11-12 13:52:37,665 INFO groupCount = 0, subscriberClientCount = 0, subscriberCount = 0

2025-11-12 13:52:39,975 INFO toNotifyTaskSize = 0

2025-11-12 13:52:40,907 INFO toClientNotifyTaskSize = 0

2025-11-12 13:52:46,492 INFO [long-pulling] client count 0

2025-11-12 13:52:48,842 INFO groupCount = 0, subscriberClientCount = 0, subscriberCount = 0

2025-11-12 13:52:52,108 INFO toNotifyTaskSize = 0

2025-11-12 13:52:52,331 INFO toClientNotifyTaskSize = 0

2025-11-12 13:52:56,932 INFO [long-pulling] client count 0

2025-11-12 13:52:59,572 INFO groupCount = 0, subscriberClientCount = 0, subscriberCount = 0

2025-11-12 13:56:58,535 INFO [long-pulling] client count 0

2025-11-12 13:57:08,977 INFO [long-pulling] client count 0

2025-11-12 13:57:17,640 INFO toNotifyTaskSize = 0

2025-11-12 13:57:19,620 INFO [long-pulling] client count 0

2025-11-12 13:57:19,147 INFO toClientNotifyTaskSize = 0

2025-11-12 13:57:30,319 INFO [long-pulling] client count 0

2025-11-12 13:57:38,029 INFO toNotifyTaskSize = 0

2025-11-12 13:57:38,969 INFO toClientNotifyTaskSize = 0

2025-11-12 13:57:41,089 INFO [long-pulling] client count 0

2025-11-12 13:57:51,866 INFO toNotifyTaskSize = 0

2025-11-12 13:57:52,746 INFO [long-pulling] client count 0

2025-11-12 13:57:53,094 INFO toClientNotifyTaskSize = 0

2025-11-12 14:00:40,091 INFO [long-pulling] client count 0

2025-11-12 14:00:50,729 INFO [long-pulling] client count 0

2025-11-12 14:00:55,631 INFO toNotifyTaskSize = 0

2025-11-12 14:00:56,257 INFO toClientNotifyTaskSize = 0

2025-11-12 14:02:25,035 INFO [long-pulling] client count 0

2025-11-12 14:02:35,596 INFO [long-pulling] client count 0

2025-11-12 14:02:45,823 INFO [long-pulling] client count 0

2025-11-12 14:02:56,379 INFO [long-pulling] client count 0

2025-11-12 14:03:06,555 INFO [long-pulling] client count 0

2025-11-12 14:03:16,676 INFO [long-pulling] client count 0

2025-11-12 14:03:27,511 INFO [long-pulling] client count 0

2025-11-12 14:03:38,120 INFO [long-pulling] client count 0

2025-11-12 14:09:23,382 INFO [long-pulling] client count 0

2025-11-12 14:09:33,926 INFO [long-pulling] client count 0

2025-11-12 14:09:45,288 INFO [long-pulling] client count 0

2025-11-12 14:09:56,397 INFO [long-pulling] client count 0

2025-11-12 14:10:07,163 INFO [long-pulling] client count 0

2025-11-12 14:10:17,423 INFO [long-pulling] client count 0

2025-11-12 14:10:27,706 INFO [long-pulling] client count 0

2025-11-12 14:10:37,807 INFO [long-pulling] client count 0

2025-11-12 14:10:48,226 INFO [long-pulling] client count 0

2025-11-12 14:12:09,331 INFO [long-pulling] client count 0

2025-11-12 14:12:19,668 INFO [long-pulling] client count 0

2025-11-12 14:12:29,678 INFO [long-pulling] client count 0

2025-11-12 14:12:39,772 INFO [long-pulling] client count 0

2025-11-12 14:12:50,117 INFO [long-pulling] client count 0

2025-11-12 14:15:44,280 INFO [long-pulling] client count 0

2025-11-12 14:15:56,130 INFO [long-pulling] client count 0

2025-11-12 14:16:06,720 INFO [long-pulling] client count 0

2025-11-12 14:16:09,087 INFO toNotifyTaskSize = 0

2025-11-12 14:16:14,358 INFO toClientNotifyTaskSize = 0

2025-11-12 14:16:19,427 INFO [long-pulling] client count 0

2025-11-12 14:20:57,229 INFO [long-pulling] client count 0

2025-11-12 14:21:08,006 INFO [long-pulling] client count 0

2025-11-12 14:21:18,048 INFO [long-pulling] client count 0

2025-11-12 14:21:28,749 INFO [long-pulling] client count 0

2025-11-12 14:21:30,586 INFO toNotifyTaskSize = 0

2025-11-12 14:21:31,720 INFO toClientNotifyTaskSize = 0

2025-11-12 14:21:39,362 INFO [long-pulling] client count 0

2025-11-12 14:27:39,898 INFO [long-pulling] client count 0

2025-11-12 14:27:50,786 INFO [long-pulling] client count 0

2025-11-12 14:31:37,452 INFO [long-pulling] client count 0

2025-11-12 14:31:47,976 INFO [long-pulling] client count 0

2025-11-12 14:34:31,175 INFO [long-pulling] client count 0

2025-11-12 14:34:43,413 INFO [long-pulling] client count 0

2025-11-12 14:34:54,270 INFO [long-pulling] client count 0

2025-11-12 14:37:56,469 INFO [long-pulling] client count 0

2025-11-12 14:38:06,916 INFO [long-pulling] client count 0

2025-11-12 14:38:17,047 INFO [long-pulling] client count 0

2025-11-12 14:38:27,078 INFO [long-pulling] client count 0

2025-11-12 14:38:37,217 INFO [long-pulling] client count 0

2025-11-12 14:38:47,344 INFO [long-pulling] client count 0

2025-11-12 14:38:57,426 INFO [long-pulling] client count 0

2025-11-12 14:39:08,766 INFO [long-pulling] client count 0

2025-11-12 14:39:19,125 INFO [long-pulling] client count 0

2025-11-12 14:39:29,540 INFO [long-pulling] client count 0

2025-11-12 14:39:40,711 INFO [long-pulling] client count 0

2025-11-12 14:39:51,087 INFO [long-pulling] client count 0

2025-11-12 14:40:01,163 INFO [long-pulling] client count 0

2025-11-12 14:40:11,282 INFO [long-pulling] client count 0

2025-11-12 14:40:21,319 INFO [long-pulling] client count 0

2025-11-12 14:40:31,424 INFO [long-pulling] client count 0

2025-11-12 14:43:04,110 INFO [long-pulling] client count 0

2025-11-12 14:43:14,532 INFO [long-pulling] client count 0

2025-11-12 14:43:23,006 INFO toNotifyTaskSize = 0

2025-11-12 14:43:25,159 INFO toClientNotifyTaskSize = 0

2025-11-12 14:43:30,551 INFO [long-pulling] client count 0

2025-11-12 14:43:44,895 INFO [long-pulling] client count 0

2025-11-12 14:43:52,964 INFO toNotifyTaskSize = 0

2025-11-12 14:43:54,530 INFO toClientNotifyTaskSize = 0

2025-11-12 14:43:58,356 INFO [long-pulling] client count 0

2025-11-12 14:44:06,523 INFO toNotifyTaskSize = 0

2025-11-12 14:44:07,654 INFO toClientNotifyTaskSize = 0

2025-11-12 14:44:10,424 INFO [long-pulling] client count 0

2025-11-12 14:44:23,340 INFO [long-pulling] client count 0

2025-11-12 14:44:23,056 INFO toNotifyTaskSize = 0

2025-11-12 14:44:23,648 INFO toClientNotifyTaskSize = 0

2025-11-12 14:44:33,810 INFO [long-pulling] client count 0

2025-11-12 14:44:34,462 INFO toNotifyTaskSize = 0

2025-11-12 14:44:37,194 INFO toClientNotifyTaskSize = 0

2025-11-12 14:44:44,536 INFO [long-pulling] client count 0

2025-11-12 14:44:47,416 INFO toNotifyTaskSize = 0

2025-11-12 14:44:47,757 INFO toClientNotifyTaskSize = 0

2025-11-12 14:44:55,122 INFO [long-pulling] client count 0

2025-11-12 14:44:57,883 INFO groupCount = 0, subscriberClientCount = 0, subscriberCount = 0

2025-11-12 14:44:57,909 INFO toNotifyTaskSize = 0

2025-11-12 14:44:57,932 INFO toClientNotifyTaskSize = 0

2025-11-12 14:45:05,837 INFO [long-pulling] client count 0

2025-11-12 14:45:07,978 INFO toNotifyTaskSize = 0

2025-11-12 14:45:08,030 INFO toClientNotifyTaskSize = 0

2025-11-12 14:45:08,033 INFO groupCount = 0, subscriberClientCount = 0, subscriberCount = 0

2025-11-12 14:45:15,883 INFO [long-pulling] client count 0

2025-11-12 14:45:18,270 INFO toNotifyTaskSize = 0

2025-11-12 14:45:18,570 INFO toClientNotifyTaskSize = 0

2025-11-12 14:45:18,506 INFO groupCount = 0, subscriberClientCount = 0, subscriberCount = 0

2025-11-12 14:45:26,385 INFO [long-pulling] client count 0

2025-11-12 14:45:29,314 INFO toNotifyTaskSize = 0

2025-11-12 14:45:29,697 INFO groupCount = 0, subscriberClientCount = 0, subscriberCount = 0

2025-11-12 14:45:29,767 INFO toClientNotifyTaskSize = 0

2025-11-12 14:45:36,999 INFO [long-pulling] client count 0

2025-11-12 14:45:40,273 INFO toNotifyTaskSize = 0

2025-11-12 14:45:40,188 INFO groupCount = 0, subscriberClientCount = 0, subscriberCount = 0

2025-11-12 14:45:40,464 INFO toClientNotifyTaskSize = 0

2025-11-12 14:47:12,098 INFO [long-pulling] client count 0

2025-11-12 14:47:22,444 INFO [long-pulling] client count 0

2025-11-12 14:47:26,007 INFO toNotifyTaskSize = 0

2025-11-12 14:47:26,041 INFO toClientNotifyTaskSize = 0

2025-11-12 14:47:26,493 INFO groupCount = 0, subscriberClientCount = 0, subscriberCount = 0

2025-11-12 14:48:37,243 INFO [long-pulling] client count 0

2025-11-12 14:48:47,657 INFO [long-pulling] client count 0

2025-11-12 14:48:58,164 INFO [long-pulling] client count 0

2025-11-12 14:49:08,612 INFO [long-pulling] client count 0

2025-11-12 14:49:24,398 INFO [long-pulling] client count 0

2025-11-12 14:49:35,508 INFO [long-pulling] client count 0

2025-11-12 14:49:53,848 INFO [long-pulling] client count 0

