[2025-11-12T06:51:56.887+0000][gc] Using G1
[2025-11-12T06:51:56.899+0000][gc,init] Version: 17.0.15+6-alpine-r0 (release)
[2025-11-12T06:51:56.900+0000][gc,init] CPUs: 2 total, 2 available
[2025-11-12T06:51:56.900+0000][gc,init] Memory: 1959M
[2025-11-12T06:51:56.900+0000][gc,init] Large Page Support: Disabled
[2025-11-12T06:51:56.900+0000][gc,init] NUMA Support: Disabled
[2025-11-12T06:51:56.901+0000][gc,init] Compressed Oops: Enabled (32-bit)
[2025-11-12T06:51:56.901+0000][gc,init] Heap Region Size: 1M
[2025-11-12T06:51:56.902+0000][gc,init] Heap Min Capacity: 1G
[2025-11-12T06:51:56.902+0000][gc,init] Heap Initial Capacity: 1G
[2025-11-12T06:51:56.902+0000][gc,init] Heap Max Capacity: 1G
[2025-11-12T06:51:56.902+0000][gc,init] Pre-touch: Disabled
[2025-11-12T06:51:56.902+0000][gc,init] Parallel Workers: 2
[2025-11-12T06:51:56.902+0000][gc,init] Concurrent Workers: 1
[2025-11-12T06:51:56.902+0000][gc,init] Concurrent Refinement Workers: 2
[2025-11-12T06:51:56.903+0000][gc,init] Periodic GC: Disabled
[2025-11-12T06:51:56.913+0000][gc,metaspace] CDS archive(s) mapped at: [0x000000b800000000-0x000000b800be0000-0x000000b800be0000), size 12451840, SharedBaseAddress: 0x000000b800000000, ArchiveRelocationMode: 1.
[2025-11-12T06:51:56.914+0000][gc,metaspace] Compressed class space mapped at: 0x000000b801000000-0x000000b841000000, reserved size: 1073741824
[2025-11-12T06:51:56.914+0000][gc,metaspace] Narrow klass base: 0x000000b800000000, Narrow klass shift: 0, Narrow klass range: 0x100000000
[2025-11-12T06:52:19.239+0000][gc,start    ] GC(0) Pause Young (Normal) (G1 Evacuation Pause)
[2025-11-12T06:52:19.299+0000][gc,task     ] GC(0) Using 2 workers of 2 for evacuation
