2025-11-12 10:58:43,261 INFO Not configure type of control plugin, no limit control for current node.

2025-11-12 10:58:43,271 INFO Load connection metrics collector,size=2,[com.alibaba.nacos.config.server.service.LongPollingConnectionMetricsCollector@123a21ad, com.alibaba.nacos.core.remote.LongConnectionMetricsCollector@2b3e2039]

2025-11-12 10:58:43,304 INFO No connection rule content found ,use default empty rule 

2025-11-12 10:58:43,656 INFO No tps control rule of CONFIG_PUSH_COUNT found,content =null  

2025-11-12 10:58:43,662 WARN Tps point for CONFIG_PUSH_COUNT registered, But tps control manager is no limit implementation.

2025-11-12 10:58:43,679 INFO No tps control rule of CONFIG_PUSH_SUCCESS found,content =null  

2025-11-12 10:58:43,685 WARN Tps point for CONFIG_PUSH_SUCCESS registered, But tps control manager is no limit implementation.

2025-11-12 10:58:43,691 INFO No tps control rule of CONFIG_PUSH_FAIL found,content =null  

2025-11-12 10:58:43,692 WARN Tps point for CONFIG_PUSH_FAIL registered, But tps control manager is no limit implementation.

2025-11-12 11:00:23,603 INFO Not configure type of control plugin, no limit control for current node.

2025-11-12 11:00:23,655 INFO Load connection metrics collector,size=2,[com.alibaba.nacos.config.server.service.LongPollingConnectionMetricsCollector@d96f413, com.alibaba.nacos.core.remote.LongConnectionMetricsCollector@56c39949]

2025-11-12 11:00:23,684 INFO No connection rule content found ,use default empty rule 

2025-11-12 11:00:23,765 INFO No tps control rule of CONFIG_PUSH_COUNT found,content =null  

2025-11-12 11:00:23,767 WARN Tps point for CONFIG_PUSH_COUNT registered, But tps control manager is no limit implementation.

2025-11-12 11:00:23,767 INFO No tps control rule of CONFIG_PUSH_SUCCESS found,content =null  

2025-11-12 11:00:23,770 WARN Tps point for CONFIG_PUSH_SUCCESS registered, But tps control manager is no limit implementation.

2025-11-12 11:00:23,771 INFO No tps control rule of CONFIG_PUSH_FAIL found,content =null  

2025-11-12 11:00:23,773 WARN Tps point for CONFIG_PUSH_FAIL registered, But tps control manager is no limit implementation.

2025-11-12 11:02:32,627 INFO Not configure type of control plugin, no limit control for current node.

2025-11-12 11:02:32,639 INFO Load connection metrics collector,size=2,[com.alibaba.nacos.config.server.service.LongPollingConnectionMetricsCollector@739500b8, com.alibaba.nacos.core.remote.LongConnectionMetricsCollector@b22bebc]

2025-11-12 11:02:32,643 INFO No connection rule content found ,use default empty rule 

2025-11-12 11:02:32,704 INFO No tps control rule of CONFIG_PUSH_COUNT found,content =null  

2025-11-12 11:02:32,706 WARN Tps point for CONFIG_PUSH_COUNT registered, But tps control manager is no limit implementation.

2025-11-12 11:02:32,708 INFO No tps control rule of CONFIG_PUSH_SUCCESS found,content =null  

2025-11-12 11:02:32,708 WARN Tps point for CONFIG_PUSH_SUCCESS registered, But tps control manager is no limit implementation.

2025-11-12 11:02:32,708 INFO No tps control rule of CONFIG_PUSH_FAIL found,content =null  

2025-11-12 11:02:32,709 WARN Tps point for CONFIG_PUSH_FAIL registered, But tps control manager is no limit implementation.

2025-11-12 11:03:43,516 INFO Not configure type of control plugin, no limit control for current node.

2025-11-12 11:03:43,547 INFO Load connection metrics collector,size=2,[com.alibaba.nacos.config.server.service.LongPollingConnectionMetricsCollector@7786c2e0, com.alibaba.nacos.core.remote.LongConnectionMetricsCollector@e8ce5b1]

2025-11-12 11:03:43,665 INFO No connection rule content found ,use default empty rule 

2025-11-12 11:03:44,197 INFO No tps control rule of CONFIG_PUSH_COUNT found,content =null  

2025-11-12 11:03:44,219 WARN Tps point for CONFIG_PUSH_COUNT registered, But tps control manager is no limit implementation.

2025-11-12 11:03:44,220 INFO No tps control rule of CONFIG_PUSH_SUCCESS found,content =null  

2025-11-12 11:03:44,221 WARN Tps point for CONFIG_PUSH_SUCCESS registered, But tps control manager is no limit implementation.

2025-11-12 11:03:44,221 INFO No tps control rule of CONFIG_PUSH_FAIL found,content =null  

2025-11-12 11:03:44,223 WARN Tps point for CONFIG_PUSH_FAIL registered, But tps control manager is no limit implementation.

2025-11-12 11:08:52,852 INFO Not configure type of control plugin, no limit control for current node.

2025-11-12 11:08:52,931 INFO Load connection metrics collector,size=2,[com.alibaba.nacos.config.server.service.LongPollingConnectionMetricsCollector@d640fe6, com.alibaba.nacos.core.remote.LongConnectionMetricsCollector@38320819]

2025-11-12 11:08:52,967 INFO No connection rule content found ,use default empty rule 

2025-11-12 11:08:53,254 INFO No tps control rule of CONFIG_PUSH_COUNT found,content =null  

2025-11-12 11:08:53,257 WARN Tps point for CONFIG_PUSH_COUNT registered, But tps control manager is no limit implementation.

2025-11-12 11:08:53,275 INFO No tps control rule of CONFIG_PUSH_SUCCESS found,content =null  

2025-11-12 11:08:53,285 WARN Tps point for CONFIG_PUSH_SUCCESS registered, But tps control manager is no limit implementation.

2025-11-12 11:08:53,290 INFO No tps control rule of CONFIG_PUSH_FAIL found,content =null  

2025-11-12 11:08:53,305 WARN Tps point for CONFIG_PUSH_FAIL registered, But tps control manager is no limit implementation.

2025-11-12 11:11:59,110 INFO Not configure type of control plugin, no limit control for current node.

2025-11-12 11:11:59,139 INFO Load connection metrics collector,size=2,[com.alibaba.nacos.config.server.service.LongPollingConnectionMetricsCollector@7786c2e0, com.alibaba.nacos.core.remote.LongConnectionMetricsCollector@e8ce5b1]

2025-11-12 11:11:59,190 INFO No connection rule content found ,use default empty rule 

2025-11-12 11:11:59,300 INFO No tps control rule of CONFIG_PUSH_COUNT found,content =null  

2025-11-12 11:11:59,302 WARN Tps point for CONFIG_PUSH_COUNT registered, But tps control manager is no limit implementation.

2025-11-12 11:11:59,304 INFO No tps control rule of CONFIG_PUSH_SUCCESS found,content =null  

2025-11-12 11:11:59,308 WARN Tps point for CONFIG_PUSH_SUCCESS registered, But tps control manager is no limit implementation.

2025-11-12 11:11:59,314 INFO No tps control rule of CONFIG_PUSH_FAIL found,content =null  

2025-11-12 11:11:59,314 WARN Tps point for CONFIG_PUSH_FAIL registered, But tps control manager is no limit implementation.

2025-11-12 11:16:09,037 INFO Not configure type of control plugin, no limit control for current node.

2025-11-12 11:16:09,088 INFO Load connection metrics collector,size=2,[com.alibaba.nacos.config.server.service.LongPollingConnectionMetricsCollector@d640fe6, com.alibaba.nacos.core.remote.LongConnectionMetricsCollector@38320819]

2025-11-12 11:16:09,322 INFO No connection rule content found ,use default empty rule 

2025-11-12 11:16:09,711 INFO No tps control rule of CONFIG_PUSH_COUNT found,content =null  

2025-11-12 11:16:09,721 WARN Tps point for CONFIG_PUSH_COUNT registered, But tps control manager is no limit implementation.

2025-11-12 11:16:09,725 INFO No tps control rule of CONFIG_PUSH_SUCCESS found,content =null  

2025-11-12 11:16:09,726 WARN Tps point for CONFIG_PUSH_SUCCESS registered, But tps control manager is no limit implementation.

2025-11-12 11:16:09,727 INFO No tps control rule of CONFIG_PUSH_FAIL found,content =null  

2025-11-12 11:16:09,728 WARN Tps point for CONFIG_PUSH_FAIL registered, But tps control manager is no limit implementation.

2025-11-12 11:21:25,231 INFO Not configure type of control plugin, no limit control for current node.

2025-11-12 11:21:25,239 INFO Load connection metrics collector,size=2,[com.alibaba.nacos.config.server.service.LongPollingConnectionMetricsCollector@739500b8, com.alibaba.nacos.core.remote.LongConnectionMetricsCollector@b22bebc]

2025-11-12 11:21:25,244 INFO No connection rule content found ,use default empty rule 

2025-11-12 11:21:25,367 INFO No tps control rule of CONFIG_PUSH_COUNT found,content =null  

2025-11-12 11:21:25,368 WARN Tps point for CONFIG_PUSH_COUNT registered, But tps control manager is no limit implementation.

2025-11-12 11:21:25,377 INFO No tps control rule of CONFIG_PUSH_SUCCESS found,content =null  

2025-11-12 11:21:25,377 WARN Tps point for CONFIG_PUSH_SUCCESS registered, But tps control manager is no limit implementation.

2025-11-12 11:21:25,378 INFO No tps control rule of CONFIG_PUSH_FAIL found,content =null  

2025-11-12 11:21:25,378 WARN Tps point for CONFIG_PUSH_FAIL registered, But tps control manager is no limit implementation.

2025-11-12 11:22:48,372 INFO Not configure type of control plugin, no limit control for current node.

2025-11-12 11:22:48,380 INFO Load connection metrics collector,size=2,[com.alibaba.nacos.config.server.service.LongPollingConnectionMetricsCollector@301b89e1, com.alibaba.nacos.core.remote.LongConnectionMetricsCollector@24c7b944]

2025-11-12 11:22:48,392 INFO No connection rule content found ,use default empty rule 

2025-11-12 11:22:48,442 INFO No tps control rule of CONFIG_PUSH_COUNT found,content =null  

2025-11-12 11:22:48,443 WARN Tps point for CONFIG_PUSH_COUNT registered, But tps control manager is no limit implementation.

2025-11-12 11:22:48,443 INFO No tps control rule of CONFIG_PUSH_SUCCESS found,content =null  

2025-11-12 11:22:48,444 WARN Tps point for CONFIG_PUSH_SUCCESS registered, But tps control manager is no limit implementation.

2025-11-12 11:22:48,444 INFO No tps control rule of CONFIG_PUSH_FAIL found,content =null  

2025-11-12 11:22:48,444 WARN Tps point for CONFIG_PUSH_FAIL registered, But tps control manager is no limit implementation.

2025-11-12 11:26:49,142 INFO Not configure type of control plugin, no limit control for current node.

2025-11-12 11:26:49,155 INFO Load connection metrics collector,size=2,[com.alibaba.nacos.config.server.service.LongPollingConnectionMetricsCollector@6101fd7d, com.alibaba.nacos.core.remote.LongConnectionMetricsCollector@14f08a97]

2025-11-12 11:26:49,178 INFO No connection rule content found ,use default empty rule 

2025-11-12 11:26:49,307 INFO No tps control rule of CONFIG_PUSH_COUNT found,content =null  

2025-11-12 11:26:49,311 WARN Tps point for CONFIG_PUSH_COUNT registered, But tps control manager is no limit implementation.

2025-11-12 11:26:49,314 INFO No tps control rule of CONFIG_PUSH_SUCCESS found,content =null  

2025-11-12 11:26:49,314 WARN Tps point for CONFIG_PUSH_SUCCESS registered, But tps control manager is no limit implementation.

2025-11-12 11:26:49,314 INFO No tps control rule of CONFIG_PUSH_FAIL found,content =null  

2025-11-12 11:26:49,314 WARN Tps point for CONFIG_PUSH_FAIL registered, But tps control manager is no limit implementation.

2025-11-12 11:28:15,571 INFO Not configure type of control plugin, no limit control for current node.

2025-11-12 11:28:15,614 INFO Load connection metrics collector,size=2,[com.alibaba.nacos.config.server.service.LongPollingConnectionMetricsCollector@4a4352b4, com.alibaba.nacos.core.remote.LongConnectionMetricsCollector@7b6c3b37]

2025-11-12 11:28:15,638 INFO No connection rule content found ,use default empty rule 

2025-11-12 11:28:15,742 INFO No tps control rule of CONFIG_PUSH_COUNT found,content =null  

2025-11-12 11:28:15,743 WARN Tps point for CONFIG_PUSH_COUNT registered, But tps control manager is no limit implementation.

2025-11-12 11:28:15,745 INFO No tps control rule of CONFIG_PUSH_SUCCESS found,content =null  

2025-11-12 11:28:15,746 WARN Tps point for CONFIG_PUSH_SUCCESS registered, But tps control manager is no limit implementation.

2025-11-12 11:28:15,747 INFO No tps control rule of CONFIG_PUSH_FAIL found,content =null  

2025-11-12 11:28:15,747 WARN Tps point for CONFIG_PUSH_FAIL registered, But tps control manager is no limit implementation.

2025-11-12 11:41:42,232 INFO Not configure type of control plugin, no limit control for current node.

2025-11-12 11:41:42,258 INFO Load connection metrics collector,size=2,[com.alibaba.nacos.config.server.service.LongPollingConnectionMetricsCollector@41f3f64, com.alibaba.nacos.core.remote.LongConnectionMetricsCollector@64f1e9f8]

2025-11-12 11:41:42,267 INFO No connection rule content found ,use default empty rule 

2025-11-12 11:41:42,338 INFO No tps control rule of CONFIG_PUSH_COUNT found,content =null  

2025-11-12 11:41:42,339 WARN Tps point for CONFIG_PUSH_COUNT registered, But tps control manager is no limit implementation.

2025-11-12 11:41:42,339 INFO No tps control rule of CONFIG_PUSH_SUCCESS found,content =null  

2025-11-12 11:41:42,340 WARN Tps point for CONFIG_PUSH_SUCCESS registered, But tps control manager is no limit implementation.

2025-11-12 11:41:42,340 INFO No tps control rule of CONFIG_PUSH_FAIL found,content =null  

2025-11-12 11:41:42,340 WARN Tps point for CONFIG_PUSH_FAIL registered, But tps control manager is no limit implementation.

2025-11-12 11:43:49,825 INFO Not configure type of control plugin, no limit control for current node.

2025-11-12 11:43:49,993 INFO Load connection metrics collector,size=2,[com.alibaba.nacos.config.server.service.LongPollingConnectionMetricsCollector@5472c27a, com.alibaba.nacos.core.remote.LongConnectionMetricsCollector@3423f353]

2025-11-12 11:43:50,184 INFO No connection rule content found ,use default empty rule 

2025-11-12 11:43:50,629 INFO No tps control rule of CONFIG_PUSH_COUNT found,content =null  

2025-11-12 11:43:50,630 WARN Tps point for CONFIG_PUSH_COUNT registered, But tps control manager is no limit implementation.

2025-11-12 11:43:50,631 INFO No tps control rule of CONFIG_PUSH_SUCCESS found,content =null  

2025-11-12 11:43:50,634 WARN Tps point for CONFIG_PUSH_SUCCESS registered, But tps control manager is no limit implementation.

2025-11-12 11:43:50,638 INFO No tps control rule of CONFIG_PUSH_FAIL found,content =null  

2025-11-12 11:43:50,640 WARN Tps point for CONFIG_PUSH_FAIL registered, But tps control manager is no limit implementation.

2025-11-12 11:48:30,401 INFO Not configure type of control plugin, no limit control for current node.

2025-11-12 11:48:30,434 INFO Load connection metrics collector,size=2,[com.alibaba.nacos.config.server.service.LongPollingConnectionMetricsCollector@3956df0a, com.alibaba.nacos.core.remote.LongConnectionMetricsCollector@6101fd7d]

2025-11-12 11:48:30,459 INFO No connection rule content found ,use default empty rule 

2025-11-12 11:48:30,638 INFO No tps control rule of CONFIG_PUSH_COUNT found,content =null  

2025-11-12 11:48:30,640 WARN Tps point for CONFIG_PUSH_COUNT registered, But tps control manager is no limit implementation.

2025-11-12 11:48:30,641 INFO No tps control rule of CONFIG_PUSH_SUCCESS found,content =null  

2025-11-12 11:48:30,642 WARN Tps point for CONFIG_PUSH_SUCCESS registered, But tps control manager is no limit implementation.

2025-11-12 11:48:30,642 INFO No tps control rule of CONFIG_PUSH_FAIL found,content =null  

2025-11-12 11:48:30,645 WARN Tps point for CONFIG_PUSH_FAIL registered, But tps control manager is no limit implementation.

2025-11-12 11:50:47,768 INFO Not configure type of control plugin, no limit control for current node.

2025-11-12 11:50:47,785 INFO Load connection metrics collector,size=2,[com.alibaba.nacos.config.server.service.LongPollingConnectionMetricsCollector@d640fe6, com.alibaba.nacos.core.remote.LongConnectionMetricsCollector@38320819]

2025-11-12 11:50:47,837 INFO No connection rule content found ,use default empty rule 

2025-11-12 11:50:48,088 INFO No tps control rule of CONFIG_PUSH_COUNT found,content =null  

2025-11-12 11:50:48,090 WARN Tps point for CONFIG_PUSH_COUNT registered, But tps control manager is no limit implementation.

2025-11-12 11:50:48,090 INFO No tps control rule of CONFIG_PUSH_SUCCESS found,content =null  

2025-11-12 11:50:48,091 WARN Tps point for CONFIG_PUSH_SUCCESS registered, But tps control manager is no limit implementation.

2025-11-12 11:50:48,092 INFO No tps control rule of CONFIG_PUSH_FAIL found,content =null  

2025-11-12 11:50:48,095 WARN Tps point for CONFIG_PUSH_FAIL registered, But tps control manager is no limit implementation.

2025-11-12 11:55:24,197 INFO Not configure type of control plugin, no limit control for current node.

2025-11-12 11:55:24,208 INFO Load connection metrics collector,size=2,[com.alibaba.nacos.config.server.service.LongPollingConnectionMetricsCollector@e8ce5b1, com.alibaba.nacos.core.remote.LongConnectionMetricsCollector@60773809]

2025-11-12 11:55:24,215 INFO No connection rule content found ,use default empty rule 

2025-11-12 11:55:24,269 INFO No tps control rule of CONFIG_PUSH_COUNT found,content =null  

2025-11-12 11:55:24,271 WARN Tps point for CONFIG_PUSH_COUNT registered, But tps control manager is no limit implementation.

2025-11-12 11:55:24,272 INFO No tps control rule of CONFIG_PUSH_SUCCESS found,content =null  

2025-11-12 11:55:24,274 WARN Tps point for CONFIG_PUSH_SUCCESS registered, But tps control manager is no limit implementation.

2025-11-12 11:55:24,275 INFO No tps control rule of CONFIG_PUSH_FAIL found,content =null  

2025-11-12 11:55:24,280 WARN Tps point for CONFIG_PUSH_FAIL registered, But tps control manager is no limit implementation.

2025-11-12 11:57:39,933 INFO Not configure type of control plugin, no limit control for current node.

2025-11-12 11:57:39,942 INFO Load connection metrics collector,size=2,[com.alibaba.nacos.config.server.service.LongPollingConnectionMetricsCollector@43945480, com.alibaba.nacos.core.remote.LongConnectionMetricsCollector@7786c2e0]

2025-11-12 11:57:39,951 INFO No connection rule content found ,use default empty rule 

2025-11-12 11:57:40,002 INFO No tps control rule of CONFIG_PUSH_COUNT found,content =null  

2025-11-12 11:57:40,004 WARN Tps point for CONFIG_PUSH_COUNT registered, But tps control manager is no limit implementation.

2025-11-12 11:57:40,005 INFO No tps control rule of CONFIG_PUSH_SUCCESS found,content =null  

2025-11-12 11:57:40,006 WARN Tps point for CONFIG_PUSH_SUCCESS registered, But tps control manager is no limit implementation.

2025-11-12 11:57:40,006 INFO No tps control rule of CONFIG_PUSH_FAIL found,content =null  

2025-11-12 11:57:40,007 WARN Tps point for CONFIG_PUSH_FAIL registered, But tps control manager is no limit implementation.

2025-11-12 11:58:51,758 INFO Not configure type of control plugin, no limit control for current node.

2025-11-12 11:58:51,780 INFO Load connection metrics collector,size=2,[com.alibaba.nacos.config.server.service.LongPollingConnectionMetricsCollector@55f29d39, com.alibaba.nacos.core.remote.LongConnectionMetricsCollector@41f3f64]

2025-11-12 11:58:51,828 INFO No connection rule content found ,use default empty rule 

2025-11-12 11:58:52,029 INFO No tps control rule of CONFIG_PUSH_COUNT found,content =null  

2025-11-12 11:58:52,029 WARN Tps point for CONFIG_PUSH_COUNT registered, But tps control manager is no limit implementation.

2025-11-12 11:58:52,034 INFO No tps control rule of CONFIG_PUSH_SUCCESS found,content =null  

2025-11-12 11:58:52,035 WARN Tps point for CONFIG_PUSH_SUCCESS registered, But tps control manager is no limit implementation.

2025-11-12 11:58:52,036 INFO No tps control rule of CONFIG_PUSH_FAIL found,content =null  

2025-11-12 11:58:52,036 WARN Tps point for CONFIG_PUSH_FAIL registered, But tps control manager is no limit implementation.

2025-11-12 12:01:25,641 INFO Not configure type of control plugin, no limit control for current node.

2025-11-12 12:01:25,648 INFO Load connection metrics collector,size=2,[com.alibaba.nacos.config.server.service.LongPollingConnectionMetricsCollector@14f08a97, com.alibaba.nacos.core.remote.LongConnectionMetricsCollector@16c3388e]

2025-11-12 12:01:25,654 INFO No connection rule content found ,use default empty rule 

2025-11-12 12:01:25,711 INFO No tps control rule of CONFIG_PUSH_COUNT found,content =null  

2025-11-12 12:01:25,712 WARN Tps point for CONFIG_PUSH_COUNT registered, But tps control manager is no limit implementation.

2025-11-12 12:01:25,712 INFO No tps control rule of CONFIG_PUSH_SUCCESS found,content =null  

2025-11-12 12:01:25,714 WARN Tps point for CONFIG_PUSH_SUCCESS registered, But tps control manager is no limit implementation.

2025-11-12 12:01:25,715 INFO No tps control rule of CONFIG_PUSH_FAIL found,content =null  

2025-11-12 12:01:25,716 WARN Tps point for CONFIG_PUSH_FAIL registered, But tps control manager is no limit implementation.

2025-11-12 12:03:31,766 INFO Not configure type of control plugin, no limit control for current node.

2025-11-12 12:03:31,785 INFO Load connection metrics collector,size=2,[com.alibaba.nacos.config.server.service.LongPollingConnectionMetricsCollector@6101fd7d, com.alibaba.nacos.core.remote.LongConnectionMetricsCollector@14f08a97]

2025-11-12 12:03:31,812 INFO No connection rule content found ,use default empty rule 

2025-11-12 12:03:31,914 INFO No tps control rule of CONFIG_PUSH_COUNT found,content =null  

2025-11-12 12:03:31,914 WARN Tps point for CONFIG_PUSH_COUNT registered, But tps control manager is no limit implementation.

2025-11-12 12:03:31,915 INFO No tps control rule of CONFIG_PUSH_SUCCESS found,content =null  

2025-11-12 12:03:31,915 WARN Tps point for CONFIG_PUSH_SUCCESS registered, But tps control manager is no limit implementation.

2025-11-12 12:03:31,915 INFO No tps control rule of CONFIG_PUSH_FAIL found,content =null  

2025-11-12 12:03:31,916 WARN Tps point for CONFIG_PUSH_FAIL registered, But tps control manager is no limit implementation.

2025-11-12 12:04:58,035 INFO Not configure type of control plugin, no limit control for current node.

2025-11-12 12:04:58,048 INFO Load connection metrics collector,size=2,[com.alibaba.nacos.config.server.service.LongPollingConnectionMetricsCollector@e8ce5b1, com.alibaba.nacos.core.remote.LongConnectionMetricsCollector@60773809]

2025-11-12 12:04:58,051 INFO No connection rule content found ,use default empty rule 

2025-11-12 12:04:58,095 INFO No tps control rule of CONFIG_PUSH_COUNT found,content =null  

2025-11-12 12:04:58,099 WARN Tps point for CONFIG_PUSH_COUNT registered, But tps control manager is no limit implementation.

2025-11-12 12:04:58,102 INFO No tps control rule of CONFIG_PUSH_SUCCESS found,content =null  

2025-11-12 12:04:58,103 WARN Tps point for CONFIG_PUSH_SUCCESS registered, But tps control manager is no limit implementation.

2025-11-12 12:04:58,106 INFO No tps control rule of CONFIG_PUSH_FAIL found,content =null  

2025-11-12 12:04:58,107 WARN Tps point for CONFIG_PUSH_FAIL registered, But tps control manager is no limit implementation.

2025-11-12 12:06:54,828 INFO Not configure type of control plugin, no limit control for current node.

2025-11-12 12:06:54,840 INFO Load connection metrics collector,size=2,[com.alibaba.nacos.config.server.service.LongPollingConnectionMetricsCollector@3956df0a, com.alibaba.nacos.core.remote.LongConnectionMetricsCollector@6101fd7d]

2025-11-12 12:06:54,846 INFO No connection rule content found ,use default empty rule 

2025-11-12 12:06:54,920 INFO No tps control rule of CONFIG_PUSH_COUNT found,content =null  

2025-11-12 12:06:54,921 WARN Tps point for CONFIG_PUSH_COUNT registered, But tps control manager is no limit implementation.

2025-11-12 12:06:54,921 INFO No tps control rule of CONFIG_PUSH_SUCCESS found,content =null  

2025-11-12 12:06:54,924 WARN Tps point for CONFIG_PUSH_SUCCESS registered, But tps control manager is no limit implementation.

2025-11-12 12:06:54,924 INFO No tps control rule of CONFIG_PUSH_FAIL found,content =null  

2025-11-12 12:06:54,925 WARN Tps point for CONFIG_PUSH_FAIL registered, But tps control manager is no limit implementation.

2025-11-12 12:07:58,373 INFO Not configure type of control plugin, no limit control for current node.

2025-11-12 12:07:58,387 INFO Load connection metrics collector,size=2,[com.alibaba.nacos.config.server.service.LongPollingConnectionMetricsCollector@3f3abe67, com.alibaba.nacos.core.remote.LongConnectionMetricsCollector@4a4352b4]

2025-11-12 12:07:58,399 INFO No connection rule content found ,use default empty rule 

2025-11-12 12:07:58,756 INFO No tps control rule of CONFIG_PUSH_COUNT found,content =null  

2025-11-12 12:07:58,757 WARN Tps point for CONFIG_PUSH_COUNT registered, But tps control manager is no limit implementation.

2025-11-12 12:07:58,757 INFO No tps control rule of CONFIG_PUSH_SUCCESS found,content =null  

2025-11-12 12:07:58,758 WARN Tps point for CONFIG_PUSH_SUCCESS registered, But tps control manager is no limit implementation.

2025-11-12 12:07:58,758 INFO No tps control rule of CONFIG_PUSH_FAIL found,content =null  

2025-11-12 12:07:58,758 WARN Tps point for CONFIG_PUSH_FAIL registered, But tps control manager is no limit implementation.

2025-11-12 12:10:01,806 INFO Not configure type of control plugin, no limit control for current node.

2025-11-12 12:10:01,842 INFO Load connection metrics collector,size=2,[com.alibaba.nacos.config.server.service.LongPollingConnectionMetricsCollector@56c39949, com.alibaba.nacos.core.remote.LongConnectionMetricsCollector@3f3abe67]

2025-11-12 12:10:01,860 INFO No connection rule content found ,use default empty rule 

2025-11-12 12:10:01,959 INFO No tps control rule of CONFIG_PUSH_COUNT found,content =null  

2025-11-12 12:10:01,963 WARN Tps point for CONFIG_PUSH_COUNT registered, But tps control manager is no limit implementation.

2025-11-12 12:10:01,965 INFO No tps control rule of CONFIG_PUSH_SUCCESS found,content =null  

2025-11-12 12:10:01,965 WARN Tps point for CONFIG_PUSH_SUCCESS registered, But tps control manager is no limit implementation.

2025-11-12 12:10:01,965 INFO No tps control rule of CONFIG_PUSH_FAIL found,content =null  

2025-11-12 12:10:01,966 WARN Tps point for CONFIG_PUSH_FAIL registered, But tps control manager is no limit implementation.

2025-11-12 12:17:08,815 INFO Not configure type of control plugin, no limit control for current node.

2025-11-12 12:17:09,083 INFO Load connection metrics collector,size=2,[com.alibaba.nacos.config.server.service.LongPollingConnectionMetricsCollector@14f08a97, com.alibaba.nacos.core.remote.LongConnectionMetricsCollector@16c3388e]

2025-11-12 12:17:09,585 INFO No connection rule content found ,use default empty rule 

2025-11-12 12:17:11,004 INFO No tps control rule of CONFIG_PUSH_COUNT found,content =null  

2025-11-12 12:17:11,008 WARN Tps point for CONFIG_PUSH_COUNT registered, But tps control manager is no limit implementation.

2025-11-12 12:17:11,009 INFO No tps control rule of CONFIG_PUSH_SUCCESS found,content =null  

2025-11-12 12:17:11,010 WARN Tps point for CONFIG_PUSH_SUCCESS registered, But tps control manager is no limit implementation.

2025-11-12 12:17:11,093 INFO No tps control rule of CONFIG_PUSH_FAIL found,content =null  

2025-11-12 12:17:11,122 WARN Tps point for CONFIG_PUSH_FAIL registered, But tps control manager is no limit implementation.

2025-11-12 12:23:31,064 INFO Not configure type of control plugin, no limit control for current node.

2025-11-12 12:23:31,171 INFO Load connection metrics collector,size=2,[com.alibaba.nacos.config.server.service.LongPollingConnectionMetricsCollector@56c39949, com.alibaba.nacos.core.remote.LongConnectionMetricsCollector@3f3abe67]

2025-11-12 12:23:31,215 INFO No connection rule content found ,use default empty rule 

2025-11-12 12:23:31,611 INFO No tps control rule of CONFIG_PUSH_COUNT found,content =null  

2025-11-12 12:23:31,616 WARN Tps point for CONFIG_PUSH_COUNT registered, But tps control manager is no limit implementation.

2025-11-12 12:23:31,617 INFO No tps control rule of CONFIG_PUSH_SUCCESS found,content =null  

2025-11-12 12:23:31,618 WARN Tps point for CONFIG_PUSH_SUCCESS registered, But tps control manager is no limit implementation.

2025-11-12 12:23:31,620 INFO No tps control rule of CONFIG_PUSH_FAIL found,content =null  

2025-11-12 12:23:31,623 WARN Tps point for CONFIG_PUSH_FAIL registered, But tps control manager is no limit implementation.

2025-11-12 12:31:50,053 INFO Not configure type of control plugin, no limit control for current node.

2025-11-12 12:31:50,060 INFO Load connection metrics collector,size=2,[com.alibaba.nacos.config.server.service.LongPollingConnectionMetricsCollector@64f1e9f8, com.alibaba.nacos.core.remote.LongConnectionMetricsCollector@540ac21e]

2025-11-12 12:31:50,067 INFO No connection rule content found ,use default empty rule 

2025-11-12 12:31:50,293 INFO No tps control rule of CONFIG_PUSH_COUNT found,content =null  

2025-11-12 12:31:50,295 WARN Tps point for CONFIG_PUSH_COUNT registered, But tps control manager is no limit implementation.

2025-11-12 12:31:50,298 INFO No tps control rule of CONFIG_PUSH_SUCCESS found,content =null  

2025-11-12 12:31:50,299 WARN Tps point for CONFIG_PUSH_SUCCESS registered, But tps control manager is no limit implementation.

2025-11-12 12:31:50,300 INFO No tps control rule of CONFIG_PUSH_FAIL found,content =null  

2025-11-12 12:31:50,301 WARN Tps point for CONFIG_PUSH_FAIL registered, But tps control manager is no limit implementation.

2025-11-12 12:38:24,342 INFO Not configure type of control plugin, no limit control for current node.

2025-11-12 12:38:24,366 INFO Load connection metrics collector,size=2,[com.alibaba.nacos.config.server.service.LongPollingConnectionMetricsCollector@e8ce5b1, com.alibaba.nacos.core.remote.LongConnectionMetricsCollector@60773809]

2025-11-12 12:38:24,374 INFO No connection rule content found ,use default empty rule 

2025-11-12 12:38:24,529 INFO No tps control rule of CONFIG_PUSH_COUNT found,content =null  

2025-11-12 12:38:24,529 WARN Tps point for CONFIG_PUSH_COUNT registered, But tps control manager is no limit implementation.

2025-11-12 12:38:24,530 INFO No tps control rule of CONFIG_PUSH_SUCCESS found,content =null  

2025-11-12 12:38:24,530 WARN Tps point for CONFIG_PUSH_SUCCESS registered, But tps control manager is no limit implementation.

2025-11-12 12:38:24,530 INFO No tps control rule of CONFIG_PUSH_FAIL found,content =null  

2025-11-12 12:38:24,530 WARN Tps point for CONFIG_PUSH_FAIL registered, But tps control manager is no limit implementation.

2025-11-12 12:45:01,797 INFO Not configure type of control plugin, no limit control for current node.

2025-11-12 12:45:01,806 INFO Load connection metrics collector,size=2,[com.alibaba.nacos.config.server.service.LongPollingConnectionMetricsCollector@64f1e9f8, com.alibaba.nacos.core.remote.LongConnectionMetricsCollector@540ac21e]

2025-11-12 12:45:01,812 INFO No connection rule content found ,use default empty rule 

2025-11-12 12:45:01,929 INFO No tps control rule of CONFIG_PUSH_COUNT found,content =null  

2025-11-12 12:45:01,942 WARN Tps point for CONFIG_PUSH_COUNT registered, But tps control manager is no limit implementation.

2025-11-12 12:45:01,946 INFO No tps control rule of CONFIG_PUSH_SUCCESS found,content =null  

2025-11-12 12:45:01,949 WARN Tps point for CONFIG_PUSH_SUCCESS registered, But tps control manager is no limit implementation.

2025-11-12 12:45:01,950 INFO No tps control rule of CONFIG_PUSH_FAIL found,content =null  

2025-11-12 12:45:01,955 WARN Tps point for CONFIG_PUSH_FAIL registered, But tps control manager is no limit implementation.

2025-11-12 12:48:01,965 INFO Not configure type of control plugin, no limit control for current node.

2025-11-12 12:48:02,000 INFO Load connection metrics collector,size=2,[com.alibaba.nacos.config.server.service.LongPollingConnectionMetricsCollector@739500b8, com.alibaba.nacos.core.remote.LongConnectionMetricsCollector@b22bebc]

2025-11-12 12:48:02,069 INFO No connection rule content found ,use default empty rule 

2025-11-12 12:48:02,325 INFO No tps control rule of CONFIG_PUSH_COUNT found,content =null  

2025-11-12 12:48:02,328 WARN Tps point for CONFIG_PUSH_COUNT registered, But tps control manager is no limit implementation.

2025-11-12 12:48:02,341 INFO No tps control rule of CONFIG_PUSH_SUCCESS found,content =null  

2025-11-12 12:48:02,346 WARN Tps point for CONFIG_PUSH_SUCCESS registered, But tps control manager is no limit implementation.

2025-11-12 12:48:02,350 INFO No tps control rule of CONFIG_PUSH_FAIL found,content =null  

2025-11-12 12:48:02,351 WARN Tps point for CONFIG_PUSH_FAIL registered, But tps control manager is no limit implementation.

2025-11-12 12:50:27,190 INFO Not configure type of control plugin, no limit control for current node.

2025-11-12 12:50:27,202 INFO Load connection metrics collector,size=2,[com.alibaba.nacos.config.server.service.LongPollingConnectionMetricsCollector@454f6cc5, com.alibaba.nacos.core.remote.LongConnectionMetricsCollector@d3929ba]

2025-11-12 12:50:27,211 INFO No connection rule content found ,use default empty rule 

2025-11-12 12:50:27,428 INFO No tps control rule of CONFIG_PUSH_COUNT found,content =null  

2025-11-12 12:50:27,435 WARN Tps point for CONFIG_PUSH_COUNT registered, But tps control manager is no limit implementation.

2025-11-12 12:50:27,435 INFO No tps control rule of CONFIG_PUSH_SUCCESS found,content =null  

2025-11-12 12:50:27,436 WARN Tps point for CONFIG_PUSH_SUCCESS registered, But tps control manager is no limit implementation.

2025-11-12 12:50:27,436 INFO No tps control rule of CONFIG_PUSH_FAIL found,content =null  

2025-11-12 12:50:27,436 WARN Tps point for CONFIG_PUSH_FAIL registered, But tps control manager is no limit implementation.

2025-11-12 13:15:52,713 INFO Not configure type of control plugin, no limit control for current node.

2025-11-12 13:15:52,745 INFO Load connection metrics collector,size=2,[com.alibaba.nacos.config.server.service.LongPollingConnectionMetricsCollector@34de8c9f, com.alibaba.nacos.core.remote.LongConnectionMetricsCollector@299e245c]

2025-11-12 13:15:52,778 INFO No connection rule content found ,use default empty rule 

2025-11-12 13:15:53,033 INFO No tps control rule of CONFIG_PUSH_COUNT found,content =null  

2025-11-12 13:15:53,034 WARN Tps point for CONFIG_PUSH_COUNT registered, But tps control manager is no limit implementation.

2025-11-12 13:15:53,034 INFO No tps control rule of CONFIG_PUSH_SUCCESS found,content =null  

2025-11-12 13:15:53,035 WARN Tps point for CONFIG_PUSH_SUCCESS registered, But tps control manager is no limit implementation.

2025-11-12 13:15:53,035 INFO No tps control rule of CONFIG_PUSH_FAIL found,content =null  

2025-11-12 13:15:53,038 WARN Tps point for CONFIG_PUSH_FAIL registered, But tps control manager is no limit implementation.

2025-11-12 13:26:35,738 INFO Not configure type of control plugin, no limit control for current node.

2025-11-12 13:26:35,759 INFO Load connection metrics collector,size=2,[com.alibaba.nacos.config.server.service.LongPollingConnectionMetricsCollector@540ac21e, com.alibaba.nacos.core.remote.LongConnectionMetricsCollector@a8964c1]

2025-11-12 13:26:35,805 INFO No connection rule content found ,use default empty rule 

2025-11-12 13:26:36,091 INFO No tps control rule of CONFIG_PUSH_COUNT found,content =null  

2025-11-12 13:26:36,094 WARN Tps point for CONFIG_PUSH_COUNT registered, But tps control manager is no limit implementation.

2025-11-12 13:26:36,095 INFO No tps control rule of CONFIG_PUSH_SUCCESS found,content =null  

2025-11-12 13:26:36,096 WARN Tps point for CONFIG_PUSH_SUCCESS registered, But tps control manager is no limit implementation.

2025-11-12 13:26:36,097 INFO No tps control rule of CONFIG_PUSH_FAIL found,content =null  

2025-11-12 13:26:36,097 WARN Tps point for CONFIG_PUSH_FAIL registered, But tps control manager is no limit implementation.

2025-11-12 13:29:55,509 INFO Not configure type of control plugin, no limit control for current node.

2025-11-12 13:29:55,656 INFO Load connection metrics collector,size=2,[com.alibaba.nacos.config.server.service.LongPollingConnectionMetricsCollector@301b89e1, com.alibaba.nacos.core.remote.LongConnectionMetricsCollector@24c7b944]

2025-11-12 13:29:55,731 INFO No connection rule content found ,use default empty rule 

2025-11-12 13:29:56,015 INFO No tps control rule of CONFIG_PUSH_COUNT found,content =null  

2025-11-12 13:29:56,016 WARN Tps point for CONFIG_PUSH_COUNT registered, But tps control manager is no limit implementation.

2025-11-12 13:29:56,016 INFO No tps control rule of CONFIG_PUSH_SUCCESS found,content =null  

2025-11-12 13:29:56,016 WARN Tps point for CONFIG_PUSH_SUCCESS registered, But tps control manager is no limit implementation.

2025-11-12 13:29:56,017 INFO No tps control rule of CONFIG_PUSH_FAIL found,content =null  

2025-11-12 13:29:56,017 WARN Tps point for CONFIG_PUSH_FAIL registered, But tps control manager is no limit implementation.

2025-11-12 13:33:18,755 INFO Not configure type of control plugin, no limit control for current node.

2025-11-12 13:33:18,798 INFO Load connection metrics collector,size=2,[com.alibaba.nacos.config.server.service.LongPollingConnectionMetricsCollector@24c7b944, com.alibaba.nacos.core.remote.LongConnectionMetricsCollector@6b58a0f9]

2025-11-12 13:33:18,814 INFO No connection rule content found ,use default empty rule 

2025-11-12 13:33:19,273 INFO No tps control rule of CONFIG_PUSH_COUNT found,content =null  

2025-11-12 13:33:19,276 WARN Tps point for CONFIG_PUSH_COUNT registered, But tps control manager is no limit implementation.

2025-11-12 13:33:19,277 INFO No tps control rule of CONFIG_PUSH_SUCCESS found,content =null  

2025-11-12 13:33:19,278 WARN Tps point for CONFIG_PUSH_SUCCESS registered, But tps control manager is no limit implementation.

2025-11-12 13:33:19,278 INFO No tps control rule of CONFIG_PUSH_FAIL found,content =null  

2025-11-12 13:33:19,278 WARN Tps point for CONFIG_PUSH_FAIL registered, But tps control manager is no limit implementation.

2025-11-12 13:37:46,088 INFO Not configure type of control plugin, no limit control for current node.

2025-11-12 13:37:46,105 INFO Load connection metrics collector,size=2,[com.alibaba.nacos.config.server.service.LongPollingConnectionMetricsCollector@3956df0a, com.alibaba.nacos.core.remote.LongConnectionMetricsCollector@6101fd7d]

2025-11-12 13:37:46,114 INFO No connection rule content found ,use default empty rule 

2025-11-12 13:37:46,223 INFO No tps control rule of CONFIG_PUSH_COUNT found,content =null  

2025-11-12 13:37:46,225 WARN Tps point for CONFIG_PUSH_COUNT registered, But tps control manager is no limit implementation.

2025-11-12 13:37:46,226 INFO No tps control rule of CONFIG_PUSH_SUCCESS found,content =null  

2025-11-12 13:37:46,226 WARN Tps point for CONFIG_PUSH_SUCCESS registered, But tps control manager is no limit implementation.

2025-11-12 13:37:46,227 INFO No tps control rule of CONFIG_PUSH_FAIL found,content =null  

2025-11-12 13:37:46,233 WARN Tps point for CONFIG_PUSH_FAIL registered, But tps control manager is no limit implementation.

2025-11-12 13:43:11,454 INFO Not configure type of control plugin, no limit control for current node.

2025-11-12 13:43:11,502 INFO Load connection metrics collector,size=2,[com.alibaba.nacos.config.server.service.LongPollingConnectionMetricsCollector@301b89e1, com.alibaba.nacos.core.remote.LongConnectionMetricsCollector@24c7b944]

2025-11-12 13:43:11,532 INFO No connection rule content found ,use default empty rule 

2025-11-12 13:43:11,610 INFO No tps control rule of CONFIG_PUSH_COUNT found,content =null  

2025-11-12 13:43:11,610 WARN Tps point for CONFIG_PUSH_COUNT registered, But tps control manager is no limit implementation.

2025-11-12 13:43:11,611 INFO No tps control rule of CONFIG_PUSH_SUCCESS found,content =null  

2025-11-12 13:43:11,613 WARN Tps point for CONFIG_PUSH_SUCCESS registered, But tps control manager is no limit implementation.

2025-11-12 13:43:11,615 INFO No tps control rule of CONFIG_PUSH_FAIL found,content =null  

2025-11-12 13:43:11,615 WARN Tps point for CONFIG_PUSH_FAIL registered, But tps control manager is no limit implementation.

2025-11-12 13:47:26,875 INFO Not configure type of control plugin, no limit control for current node.

2025-11-12 13:47:26,894 INFO Load connection metrics collector,size=2,[com.alibaba.nacos.config.server.service.LongPollingConnectionMetricsCollector@b22bebc, com.alibaba.nacos.core.remote.LongConnectionMetricsCollector@44f6ac4f]

2025-11-12 13:47:26,907 INFO No connection rule content found ,use default empty rule 

2025-11-12 13:47:26,981 INFO No tps control rule of CONFIG_PUSH_COUNT found,content =null  

2025-11-12 13:47:26,982 WARN Tps point for CONFIG_PUSH_COUNT registered, But tps control manager is no limit implementation.

2025-11-12 13:47:26,984 INFO No tps control rule of CONFIG_PUSH_SUCCESS found,content =null  

2025-11-12 13:47:26,985 WARN Tps point for CONFIG_PUSH_SUCCESS registered, But tps control manager is no limit implementation.

2025-11-12 13:47:26,985 INFO No tps control rule of CONFIG_PUSH_FAIL found,content =null  

2025-11-12 13:47:26,985 WARN Tps point for CONFIG_PUSH_FAIL registered, But tps control manager is no limit implementation.

2025-11-12 13:49:49,405 INFO Not configure type of control plugin, no limit control for current node.

2025-11-12 13:49:49,471 INFO Load connection metrics collector,size=2,[com.alibaba.nacos.config.server.service.LongPollingConnectionMetricsCollector@56c39949, com.alibaba.nacos.core.remote.LongConnectionMetricsCollector@3f3abe67]

2025-11-12 13:49:49,497 INFO No connection rule content found ,use default empty rule 

2025-11-12 13:49:49,656 INFO No tps control rule of CONFIG_PUSH_COUNT found,content =null  

2025-11-12 13:49:49,673 WARN Tps point for CONFIG_PUSH_COUNT registered, But tps control manager is no limit implementation.

2025-11-12 13:49:49,685 INFO No tps control rule of CONFIG_PUSH_SUCCESS found,content =null  

2025-11-12 13:49:49,690 WARN Tps point for CONFIG_PUSH_SUCCESS registered, But tps control manager is no limit implementation.

2025-11-12 13:49:49,691 INFO No tps control rule of CONFIG_PUSH_FAIL found,content =null  

2025-11-12 13:49:49,717 WARN Tps point for CONFIG_PUSH_FAIL registered, But tps control manager is no limit implementation.

2025-11-12 14:21:07,566 INFO Not configure type of control plugin, no limit control for current node.

2025-11-12 14:21:07,582 INFO Load connection metrics collector,size=2,[com.alibaba.nacos.config.server.service.LongPollingConnectionMetricsCollector@56c39949, com.alibaba.nacos.core.remote.LongConnectionMetricsCollector@3f3abe67]

2025-11-12 14:21:07,791 INFO No connection rule content found ,use default empty rule 

2025-11-12 14:43:07,074 INFO Not configure type of control plugin, no limit control for current node.

2025-11-12 14:43:07,117 INFO Load connection metrics collector,size=2,[com.alibaba.nacos.config.server.service.LongPollingConnectionMetricsCollector@739500b8, com.alibaba.nacos.core.remote.LongConnectionMetricsCollector@b22bebc]

2025-11-12 14:43:07,200 INFO No connection rule content found ,use default empty rule 

2025-11-12 14:43:09,508 INFO No tps control rule of CONFIG_PUSH_COUNT found,content =null  

2025-11-12 14:43:09,564 WARN Tps point for CONFIG_PUSH_COUNT registered, But tps control manager is no limit implementation.

2025-11-12 14:43:09,590 INFO No tps control rule of CONFIG_PUSH_SUCCESS found,content =null  

2025-11-12 14:43:09,598 WARN Tps point for CONFIG_PUSH_SUCCESS registered, But tps control manager is no limit implementation.

2025-11-12 14:43:09,638 INFO No tps control rule of CONFIG_PUSH_FAIL found,content =null  

2025-11-12 14:43:09,694 WARN Tps point for CONFIG_PUSH_FAIL registered, But tps control manager is no limit implementation.

2025-11-12 14:47:16,123 INFO Not configure type of control plugin, no limit control for current node.

2025-11-12 14:47:16,141 INFO Load connection metrics collector,size=2,[com.alibaba.nacos.config.server.service.LongPollingConnectionMetricsCollector@d3929ba, com.alibaba.nacos.core.remote.LongConnectionMetricsCollector@d640fe6]

2025-11-12 14:47:16,155 INFO No connection rule content found ,use default empty rule 

2025-11-12 14:47:16,300 INFO No tps control rule of CONFIG_PUSH_COUNT found,content =null  

2025-11-12 14:47:16,304 WARN Tps point for CONFIG_PUSH_COUNT registered, But tps control manager is no limit implementation.

2025-11-12 14:47:16,318 INFO No tps control rule of CONFIG_PUSH_SUCCESS found,content =null  

2025-11-12 14:47:16,321 WARN Tps point for CONFIG_PUSH_SUCCESS registered, But tps control manager is no limit implementation.

2025-11-12 14:47:16,331 INFO No tps control rule of CONFIG_PUSH_FAIL found,content =null  

2025-11-12 14:47:16,336 WARN Tps point for CONFIG_PUSH_FAIL registered, But tps control manager is no limit implementation.

