2025-11-12 11:00:24,825 INFO [ClientConnectionEventListenerRegistry] registry listener - ConfigConnectionEventListener

2025-11-12 11:00:25,856 INFO Nacos GrpcSdkServer Rpc server starting at port 9848

2025-11-12 11:00:27,811 INFO Load ProtocolNegotiatorBuilder com.alibaba.nacos.core.remote.grpc.negotiator.tls.SdkDefaultTlsProtocolNegotiatorBuilder for type DEFAULT_TLS

2025-11-12 11:00:27,816 INFO Load ProtocolNegotiatorBuilder com.alibaba.nacos.core.remote.grpc.negotiator.tls.ClusterDefaultTlsProtocolNegotiatorBuilder for type CLUSTER_DEFAULT_TLS

2025-11-12 11:00:27,822 WARN Not found ProtocolNegotiatorBuilder for type nacos.remote.server.rpc.protocol.negotiator.type, will use default type nacos.remote.server.rpc.protocol.negotiator.type

2025-11-12 11:00:27,853 WARN Recommended use 'nacos.remote.server.grpc.sdk.max-inbound-message-size' property instead 'nacos.remote.server.grpc.maxinbound.message.size', now property value is 10485760

2025-11-12 11:02:33,295 INFO [ClientConnectionEventListenerRegistry] registry listener - ConfigConnectionEventListener

2025-11-12 11:02:34,916 INFO Nacos GrpcSdkServer Rpc server starting at port 9848

2025-11-12 11:03:47,054 INFO [ClientConnectionEventListenerRegistry] registry listener - ConfigConnectionEventListener

2025-11-12 11:03:53,715 INFO Nacos GrpcSdkServer Rpc server starting at port 9848

2025-11-12 11:08:54,943 INFO [ClientConnectionEventListenerRegistry] registry listener - ConfigConnectionEventListener

2025-11-12 11:08:56,749 INFO Nacos GrpcSdkServer Rpc server starting at port 9848

2025-11-12 11:09:00,358 INFO Load ProtocolNegotiatorBuilder com.alibaba.nacos.core.remote.grpc.negotiator.tls.SdkDefaultTlsProtocolNegotiatorBuilder for type DEFAULT_TLS

2025-11-12 11:09:00,372 INFO Load ProtocolNegotiatorBuilder com.alibaba.nacos.core.remote.grpc.negotiator.tls.ClusterDefaultTlsProtocolNegotiatorBuilder for type CLUSTER_DEFAULT_TLS

2025-11-12 11:09:00,387 WARN Not found ProtocolNegotiatorBuilder for type nacos.remote.server.rpc.protocol.negotiator.type, will use default type nacos.remote.server.rpc.protocol.negotiator.type

2025-11-12 11:09:00,832 WARN Recommended use 'nacos.remote.server.grpc.sdk.max-inbound-message-size' property instead 'nacos.remote.server.grpc.maxinbound.message.size', now property value is 10485760

2025-11-12 11:09:02,205 INFO Ssl Context auto refresh is not supported.

2025-11-12 11:09:02,212 INFO Ssl Context auto refresh is not supported.

2025-11-12 11:09:02,261 INFO RpcServerSslContextRefresher initialization completed.

2025-11-12 11:09:02,279 INFO Nacos GrpcSdkServer Rpc server started at port 9848

2025-11-12 11:09:02,580 INFO Nacos GrpcClusterServer Rpc server starting at port 9849

2025-11-12 11:09:02,600 WARN Not found ProtocolNegotiatorBuilder for type nacos.remote.cluster.server.rpc.protocol.negotiator.type, will use default type nacos.remote.cluster.server.rpc.protocol.negotiator.type

2025-11-12 11:09:02,623 WARN Recommended use 'nacos.remote.server.grpc.cluster.max-inbound-message-size' property instead 'nacos.remote.server.grpc.maxinbound.message.size', now property value is 10485760

2025-11-12 11:09:02,711 INFO Nacos GrpcClusterServer Rpc server started at port 9849

2025-11-12 11:09:02,864 INFO [ClientConnectionEventListenerRegistry] registry listener - RpcAckCallbackInitorOrCleaner

2025-11-12 11:09:03,891 INFO [ClientConnectionEventListenerRegistry] registry listener - ConnectionBasedClientManager

2025-11-12 11:12:01,969 INFO [ClientConnectionEventListenerRegistry] registry listener - ConfigConnectionEventListener

2025-11-12 11:12:05,799 INFO Nacos GrpcSdkServer Rpc server starting at port 9848

2025-11-12 11:16:12,652 INFO [ClientConnectionEventListenerRegistry] registry listener - ConfigConnectionEventListener

2025-11-12 11:16:18,103 INFO Nacos GrpcSdkServer Rpc server starting at port 9848

2025-11-12 11:16:26,274 INFO Load ProtocolNegotiatorBuilder com.alibaba.nacos.core.remote.grpc.negotiator.tls.SdkDefaultTlsProtocolNegotiatorBuilder for type DEFAULT_TLS

2025-11-12 11:16:26,280 INFO Load ProtocolNegotiatorBuilder com.alibaba.nacos.core.remote.grpc.negotiator.tls.ClusterDefaultTlsProtocolNegotiatorBuilder for type CLUSTER_DEFAULT_TLS

2025-11-12 11:16:26,298 WARN Not found ProtocolNegotiatorBuilder for type nacos.remote.server.rpc.protocol.negotiator.type, will use default type nacos.remote.server.rpc.protocol.negotiator.type

2025-11-12 11:16:26,355 WARN Recommended use 'nacos.remote.server.grpc.sdk.max-inbound-message-size' property instead 'nacos.remote.server.grpc.maxinbound.message.size', now property value is 10485760

2025-11-12 11:16:49,761 INFO Ssl Context auto refresh is not supported.

2025-11-12 11:16:49,939 INFO Ssl Context auto refresh is not supported.

2025-11-12 11:16:49,943 INFO RpcServerSslContextRefresher initialization completed.

2025-11-12 11:16:50,854 INFO Nacos GrpcSdkServer Rpc server started at port 9848

2025-11-12 11:17:46,860 INFO Nacos GrpcClusterServer Rpc server starting at port 9849

2025-11-12 11:17:47,143 WARN Not found ProtocolNegotiatorBuilder for type nacos.remote.cluster.server.rpc.protocol.negotiator.type, will use default type nacos.remote.cluster.server.rpc.protocol.negotiator.type

2025-11-12 11:17:47,510 WARN Recommended use 'nacos.remote.server.grpc.cluster.max-inbound-message-size' property instead 'nacos.remote.server.grpc.maxinbound.message.size', now property value is 10485760

2025-11-12 11:17:47,763 INFO Nacos GrpcClusterServer Rpc server started at port 9849

2025-11-12 11:17:48,995 INFO [ClientConnectionEventListenerRegistry] registry listener - RpcAckCallbackInitorOrCleaner

2025-11-12 11:21:27,656 INFO [ClientConnectionEventListenerRegistry] registry listener - ConfigConnectionEventListener

2025-11-12 11:21:29,830 INFO Nacos GrpcSdkServer Rpc server starting at port 9848

2025-11-12 11:22:49,113 INFO [ClientConnectionEventListenerRegistry] registry listener - ConfigConnectionEventListener

2025-11-12 11:22:50,111 INFO Nacos GrpcSdkServer Rpc server starting at port 9848

2025-11-12 11:26:51,764 INFO [ClientConnectionEventListenerRegistry] registry listener - ConfigConnectionEventListener

2025-11-12 11:28:17,621 INFO [ClientConnectionEventListenerRegistry] registry listener - ConfigConnectionEventListener

2025-11-12 11:43:55,495 INFO [ClientConnectionEventListenerRegistry] registry listener - ConfigConnectionEventListener

2025-11-12 11:44:01,625 INFO Nacos GrpcSdkServer Rpc server starting at port 9848

2025-11-12 11:57:40,552 INFO [ClientConnectionEventListenerRegistry] registry listener - ConfigConnectionEventListener

2025-11-12 11:58:53,033 INFO [ClientConnectionEventListenerRegistry] registry listener - ConfigConnectionEventListener

2025-11-12 11:58:53,811 INFO Nacos GrpcSdkServer Rpc server starting at port 9848

2025-11-12 12:10:09,191 INFO [ClientConnectionEventListenerRegistry] registry listener - ConfigConnectionEventListener

2025-11-12 12:39:19,681 INFO [ClientConnectionEventListenerRegistry] registry listener - ConfigConnectionEventListener

2025-11-12 12:50:31,536 INFO [ClientConnectionEventListenerRegistry] registry listener - ConfigConnectionEventListener

2025-11-12 13:43:12,623 INFO [ClientConnectionEventListenerRegistry] registry listener - ConfigConnectionEventListener

2025-11-12 13:47:27,556 INFO [ClientConnectionEventListenerRegistry] registry listener - ConfigConnectionEventListener

2025-11-12 14:47:18,406 INFO [ClientConnectionEventListenerRegistry] registry listener - ConfigConnectionEventListener

2025-11-12 14:47:20,196 INFO Nacos GrpcSdkServer Rpc server starting at port 9848

